<?xml version="1.0"?>
<link_info>
   <banner>TI ARM Linker PC v5.2.5</banner>
   <copyright>Copyright (c) 1996-2015 Texas Instruments Incorporated</copyright>
   <link_time>0x57110608</link_time>
   <link_errors>0x0</link_errors>
   <output_file>picnicday.out</output_file>
   <entry_point>
      <name>_c_int00</name>
      <address>0xf2d</address>
   </entry_point>
   <input_file_list>
      <input_file id="fl-2">
         <path>.\</path>
         <kind>object</kind>
         <file>main.obj</file>
         <name>main.obj</name>
      </input_file>
      <input_file id="fl-3">
         <path>.\</path>
         <kind>object</kind>
         <file>test.obj</file>
         <name>test.obj</name>
      </input_file>
      <input_file id="fl-4">
         <path>.\</path>
         <kind>object</kind>
         <file>tm4c123gh6pm_startup_ccs.obj</file>
         <name>tm4c123gh6pm_startup_ccs.obj</name>
      </input_file>
      <input_file id="fl-12b">
         <path>C:\TI\ccsv6\tools\compiler\ti-cgt-arm_5.2.5\lib\</path>
         <kind>archive</kind>
         <file>rtsv7M4_T_le_v4SPD16_eabi.lib</file>
         <name>boot.obj</name>
      </input_file>
      <input_file id="fl-12c">
         <path>C:\TI\ccsv6\tools\compiler\ti-cgt-arm_5.2.5\lib\</path>
         <kind>archive</kind>
         <file>rtsv7M4_T_le_v4SPD16_eabi.lib</file>
         <name>copy_decompress_none.obj</name>
      </input_file>
      <input_file id="fl-12d">
         <path>C:\TI\ccsv6\tools\compiler\ti-cgt-arm_5.2.5\lib\</path>
         <kind>archive</kind>
         <file>rtsv7M4_T_le_v4SPD16_eabi.lib</file>
         <name>copy_decompress_rle.obj</name>
      </input_file>
      <input_file id="fl-12e">
         <path>C:\TI\ccsv6\tools\compiler\ti-cgt-arm_5.2.5\lib\</path>
         <kind>archive</kind>
         <file>rtsv7M4_T_le_v4SPD16_eabi.lib</file>
         <name>copy_zero_init.obj</name>
      </input_file>
      <input_file id="fl-12f">
         <path>C:\TI\ccsv6\tools\compiler\ti-cgt-arm_5.2.5\lib\</path>
         <kind>archive</kind>
         <file>rtsv7M4_T_le_v4SPD16_eabi.lib</file>
         <name>exit.obj</name>
      </input_file>
      <input_file id="fl-130">
         <path>C:\TI\ccsv6\tools\compiler\ti-cgt-arm_5.2.5\lib\</path>
         <kind>archive</kind>
         <file>rtsv7M4_T_le_v4SPD16_eabi.lib</file>
         <name>memcpy_t2.obj</name>
      </input_file>
      <input_file id="fl-131">
         <path>C:\TI\ccsv6\tools\compiler\ti-cgt-arm_5.2.5\lib\</path>
         <kind>archive</kind>
         <file>rtsv7M4_T_le_v4SPD16_eabi.lib</file>
         <name>memset_t2.obj</name>
      </input_file>
      <input_file id="fl-132">
         <path>C:\TI\ccsv6\tools\compiler\ti-cgt-arm_5.2.5\lib\</path>
         <kind>archive</kind>
         <file>rtsv7M4_T_le_v4SPD16_eabi.lib</file>
         <name>pre_init.obj</name>
      </input_file>
      <input_file id="fl-133">
         <path>C:\TI\ccsv6\tools\compiler\ti-cgt-arm_5.2.5\lib\</path>
         <kind>archive</kind>
         <file>rtsv7M4_T_le_v4SPD16_eabi.lib</file>
         <name>stkdepth_vars.obj</name>
      </input_file>
      <input_file id="fl-134">
         <path>C:\TI\ccsv6\tools\compiler\ti-cgt-arm_5.2.5\lib\</path>
         <kind>archive</kind>
         <file>rtsv7M4_T_le_v4SPD16_eabi.lib</file>
         <name>_lock.obj</name>
      </input_file>
      <input_file id="fl-135">
         <path>C:\TI\ccsv6\tools\compiler\ti-cgt-arm_5.2.5\lib\</path>
         <kind>archive</kind>
         <file>rtsv7M4_T_le_v4SPD16_eabi.lib</file>
         <name>args_main.obj</name>
      </input_file>
      <input_file id="fl-136">
         <path>C:\TI\ccsv6\tools\compiler\ti-cgt-arm_5.2.5\lib\</path>
         <kind>archive</kind>
         <file>rtsv7M4_T_le_v4SPD16_eabi.lib</file>
         <name>autoinit.obj</name>
      </input_file>
      <input_file id="fl-137">
         <path>C:\TI\ccsv6\tools\compiler\ti-cgt-arm_5.2.5\lib\</path>
         <kind>archive</kind>
         <file>rtsv7M4_T_le_v4SPD16_eabi.lib</file>
         <name>cpy_tbl.obj</name>
      </input_file>
      <input_file id="fl-138">
         <path>C:\TI\TivaWare_C_Series-2.1.2.111\driverlib\ccs\Debug\</path>
         <kind>archive</kind>
         <file>driverlib.lib</file>
         <name>gpio.obj</name>
      </input_file>
      <input_file id="fl-139">
         <path>C:\TI\TivaWare_C_Series-2.1.2.111\driverlib\ccs\Debug\</path>
         <kind>archive</kind>
         <file>driverlib.lib</file>
         <name>i2c.obj</name>
      </input_file>
      <input_file id="fl-13a">
         <path>C:\TI\TivaWare_C_Series-2.1.2.111\driverlib\ccs\Debug\</path>
         <kind>archive</kind>
         <file>driverlib.lib</file>
         <name>interrupt.obj</name>
      </input_file>
      <input_file id="fl-13b">
         <path>C:\TI\TivaWare_C_Series-2.1.2.111\driverlib\ccs\Debug\</path>
         <kind>archive</kind>
         <file>driverlib.lib</file>
         <name>ssi.obj</name>
      </input_file>
      <input_file id="fl-13c">
         <path>C:\TI\TivaWare_C_Series-2.1.2.111\driverlib\ccs\Debug\</path>
         <kind>archive</kind>
         <file>driverlib.lib</file>
         <name>sysctl.obj</name>
      </input_file>
      <input_file id="fl-13d">
         <path>C:\TI\TivaWare_C_Series-2.1.2.111\driverlib\ccs\Debug\</path>
         <kind>archive</kind>
         <file>driverlib.lib</file>
         <name>cpu.obj</name>
      </input_file>
   </input_file_list>
   <object_component_list>
      <object_component id="oc-f">
         <name>.intvecs</name>
         <load_address>0x0</load_address>
         <run_address>0x0</run_address>
         <size>0x26c</size>
         <input_file_ref idref="fl-4"/>
      </object_component>
      <object_component id="oc-9d">
         <name>.text</name>
         <load_address>0x26c</load_address>
         <run_address>0x26c</run_address>
         <size>0x6d8</size>
         <input_file_ref idref="fl-2"/>
      </object_component>
      <object_component id="oc-db">
         <name>.text:GPIOPadConfigSet</name>
         <load_address>0x944</load_address>
         <run_address>0x944</run_address>
         <size>0x132</size>
         <input_file_ref idref="fl-138"/>
      </object_component>
      <object_component id="oc-ff">
         <name>.text:SysCtlClockGet</name>
         <load_address>0xa78</load_address>
         <run_address>0xa78</run_address>
         <size>0x110</size>
         <input_file_ref idref="fl-13c"/>
      </object_component>
      <object_component id="oc-c9">
         <name>.text:SysCtlClockSet</name>
         <load_address>0xb88</load_address>
         <run_address>0xb88</run_address>
         <size>0xf4</size>
         <input_file_ref idref="fl-13c"/>
      </object_component>
      <object_component id="oc-33">
         <name>.text</name>
         <load_address>0xc7c</load_address>
         <run_address>0xc7c</run_address>
         <size>0x9c</size>
         <input_file_ref idref="fl-130"/>
      </object_component>
      <object_component id="oc-4c">
         <name>.text</name>
         <load_address>0xd18</load_address>
         <run_address>0xd18</run_address>
         <size>0x7a</size>
         <input_file_ref idref="fl-131"/>
      </object_component>
      <object_component id="oc-5e">
         <name>.text</name>
         <load_address>0xd94</load_address>
         <run_address>0xd94</run_address>
         <size>0x6c</size>
         <input_file_ref idref="fl-136"/>
      </object_component>
      <object_component id="oc-3f">
         <name>.text</name>
         <load_address>0xe00</load_address>
         <run_address>0xe00</run_address>
         <size>0x6a</size>
         <input_file_ref idref="fl-12d"/>
      </object_component>
      <object_component id="oc-195">
         <name>.text:IntEnable</name>
         <load_address>0xe6c</load_address>
         <run_address>0xe6c</run_address>
         <size>0x68</size>
         <input_file_ref idref="fl-13a"/>
      </object_component>
      <object_component id="oc-e1">
         <name>.text:GPIOIntTypeSet</name>
         <load_address>0xed4</load_address>
         <run_address>0xed4</run_address>
         <size>0x56</size>
         <input_file_ref idref="fl-138"/>
      </object_component>
      <object_component id="oc-24">
         <name>.text</name>
         <load_address>0xf2c</load_address>
         <run_address>0xf2c</run_address>
         <size>0x50</size>
         <input_file_ref idref="fl-12b"/>
      </object_component>
      <object_component id="oc-123">
         <name>.text:I2CMasterInitExpClk</name>
         <load_address>0xf7c</load_address>
         <run_address>0xf7c</run_address>
         <size>0x4c</size>
         <input_file_ref idref="fl-139"/>
      </object_component>
      <object_component id="oc-95">
         <name>.text</name>
         <load_address>0xfc8</load_address>
         <run_address>0xfc8</run_address>
         <size>0x4c</size>
         <input_file_ref idref="fl-137"/>
      </object_component>
      <object_component id="oc-f3">
         <name>.text:GPIOPinConfigure</name>
         <load_address>0x1014</load_address>
         <run_address>0x1014</run_address>
         <size>0x48</size>
         <input_file_ref idref="fl-138"/>
      </object_component>
      <object_component id="oc-6a">
         <name>.text</name>
         <load_address>0x105c</load_address>
         <run_address>0x105c</run_address>
         <size>0x44</size>
         <input_file_ref idref="fl-12f"/>
      </object_component>
      <object_component id="oc-189">
         <name>.text:_GPIOIntNumberGet</name>
         <load_address>0x10a0</load_address>
         <run_address>0x10a0</run_address>
         <size>0x40</size>
         <input_file_ref idref="fl-138"/>
      </object_component>
      <object_component id="oc-105">
         <name>.text:SSIConfigSetExpClk</name>
         <load_address>0x10e0</load_address>
         <run_address>0x10e0</run_address>
         <size>0x3c</size>
         <input_file_ref idref="fl-13b"/>
      </object_component>
      <object_component id="oc-18f">
         <name>.text:IntRegister</name>
         <load_address>0x111c</load_address>
         <run_address>0x111c</run_address>
         <size>0x34</size>
         <input_file_ref idref="fl-13a"/>
      </object_component>
      <object_component id="oc-cf">
         <name>.text:SysCtlPeripheralEnable</name>
         <load_address>0x1150</load_address>
         <run_address>0x1150</run_address>
         <size>0x34</size>
         <input_file_ref idref="fl-13c"/>
      </object_component>
      <object_component id="oc-17f">
         <name>.text:GPIODirModeSet</name>
         <load_address>0x1184</load_address>
         <run_address>0x1184</run_address>
         <size>0x2a</size>
         <input_file_ref idref="fl-138"/>
      </object_component>
      <object_component id="oc-e7">
         <name>.text:GPIOIntRegister</name>
         <load_address>0x11ae</load_address>
         <run_address>0x11ae</run_address>
         <size>0x18</size>
         <input_file_ref idref="fl-138"/>
      </object_component>
      <object_component id="oc-64">
         <name>.text</name>
         <load_address>0x11c8</load_address>
         <run_address>0x11c8</run_address>
         <size>0x18</size>
         <input_file_ref idref="fl-135"/>
      </object_component>
      <object_component id="oc-165">
         <name>.text</name>
         <load_address>0x11e0</load_address>
         <run_address>0x11e0</run_address>
         <size>0x14</size>
         <input_file_ref idref="fl-134"/>
      </object_component>
      <object_component id="oc-d5">
         <name>.text:GPIOPinTypeGPIOInput</name>
         <load_address>0x11f4</load_address>
         <run_address>0x11f4</run_address>
         <size>0x12</size>
         <input_file_ref idref="fl-138"/>
      </object_component>
      <object_component id="oc-117">
         <name>.text:GPIOPinTypeI2C</name>
         <load_address>0x1206</load_address>
         <run_address>0x1206</run_address>
         <size>0x12</size>
         <input_file_ref idref="fl-138"/>
      </object_component>
      <object_component id="oc-111">
         <name>.text:GPIOPinTypeI2CSCL</name>
         <load_address>0x1218</load_address>
         <run_address>0x1218</run_address>
         <size>0x12</size>
         <input_file_ref idref="fl-138"/>
      </object_component>
      <object_component id="oc-f9">
         <name>.text:GPIOPinTypeSSI</name>
         <load_address>0x122a</load_address>
         <run_address>0x122a</run_address>
         <size>0x12</size>
         <input_file_ref idref="fl-138"/>
      </object_component>
      <object_component id="oc-12">
         <name>.text:decompress:none</name>
         <load_address>0x123c</load_address>
         <run_address>0x123c</run_address>
         <size>0xe</size>
         <input_file_ref idref="fl-12c"/>
      </object_component>
      <object_component id="oc-ed">
         <name>.text:GPIOIntEnable</name>
         <load_address>0x124a</load_address>
         <run_address>0x124a</run_address>
         <size>0xc</size>
         <input_file_ref idref="fl-138"/>
      </object_component>
      <object_component id="oc-1e">
         <name>.text:decompress:ZI</name>
         <load_address>0x1256</load_address>
         <run_address>0x1256</run_address>
         <size>0xc</size>
         <input_file_ref idref="fl-12e"/>
      </object_component>
      <object_component id="oc-2a">
         <name>.text</name>
         <load_address>0x1262</load_address>
         <run_address>0x1262</run_address>
         <size>0xc</size>
         <input_file_ref idref="fl-4"/>
      </object_component>
      <object_component id="oc-11d">
         <name>.text:I2CMasterEnable</name>
         <load_address>0x126e</load_address>
         <run_address>0x126e</run_address>
         <size>0xa</size>
         <input_file_ref idref="fl-139"/>
      </object_component>
      <object_component id="oc-c3">
         <name>.text:SSIDataPut</name>
         <load_address>0x1278</load_address>
         <run_address>0x1278</run_address>
         <size>0xa</size>
         <input_file_ref idref="fl-13b"/>
      </object_component>
      <object_component id="oc-10b">
         <name>.text:SSIEnable</name>
         <load_address>0x1282</load_address>
         <run_address>0x1282</run_address>
         <size>0xa</size>
         <input_file_ref idref="fl-13b"/>
      </object_component>
      <object_component id="oc-13b">
         <name>.text:I2CMasterBusy</name>
         <load_address>0x128c</load_address>
         <run_address>0x128c</run_address>
         <size>0x8</size>
         <input_file_ref idref="fl-139"/>
      </object_component>
      <object_component id="oc-12f">
         <name>.text:I2CMasterSlaveAddrSet</name>
         <load_address>0x1294</load_address>
         <run_address>0x1294</run_address>
         <size>0x8</size>
         <input_file_ref idref="fl-139"/>
      </object_component>
      <object_component id="oc-129">
         <name>.text:GPIOIntClear</name>
         <load_address>0x129c</load_address>
         <run_address>0x129c</run_address>
         <size>0x6</size>
         <input_file_ref idref="fl-138"/>
      </object_component>
      <object_component id="oc-147">
         <name>.text:SysCtlDelay</name>
         <load_address>0x12a2</load_address>
         <run_address>0x12a2</run_address>
         <size>0x6</size>
         <input_file_ref idref="fl-13c"/>
      </object_component>
      <object_component id="oc-18">
         <name>.text:decompress:rle24</name>
         <load_address>0x12a8</load_address>
         <run_address>0x12a8</run_address>
         <size>0x6</size>
         <input_file_ref idref="fl-12d"/>
      </object_component>
      <object_component id="oc-135">
         <name>.text:I2CMasterControl</name>
         <load_address>0x12ae</load_address>
         <run_address>0x12ae</run_address>
         <size>0x4</size>
         <input_file_ref idref="fl-139"/>
      </object_component>
      <object_component id="oc-141">
         <name>.text:I2CMasterDataGet</name>
         <load_address>0x12b2</load_address>
         <run_address>0x12b2</run_address>
         <size>0x4</size>
         <input_file_ref idref="fl-139"/>
      </object_component>
      <object_component id="oc-58">
         <name>.text</name>
         <load_address>0x12b6</load_address>
         <run_address>0x12b6</run_address>
         <size>0x4</size>
         <input_file_ref idref="fl-132"/>
      </object_component>
      <object_component id="oc-1cd">
         <name>.const:g_ppui32GPIOIntMapBlizzard</name>
         <load_address>0x12bc</load_address>
         <run_address>0x12bc</run_address>
         <size>0xc0</size>
         <input_file_ref idref="fl-138"/>
      </object_component>
      <object_component id="oc-1d0">
         <name>.const:g_ppui32GPIOIntMapSnowflake</name>
         <load_address>0x137c</load_address>
         <run_address>0x137c</run_address>
         <size>0xc0</size>
         <input_file_ref idref="fl-138"/>
      </object_component>
      <object_component id="oc-19d">
         <name>.const:g_pui32GPIOBaseAddrs</name>
         <load_address>0x143c</load_address>
         <run_address>0x143c</run_address>
         <size>0x90</size>
         <input_file_ref idref="fl-138"/>
      </object_component>
      <object_component id="oc-1d9">
         <name>.const</name>
         <load_address>0x14cc</load_address>
         <run_address>0x14cc</run_address>
         <size>0x70</size>
         <input_file_ref idref="fl-13a"/>
      </object_component>
      <object_component id="oc-1a2">
         <name>.const:g_pui32Xtals</name>
         <load_address>0x153c</load_address>
         <run_address>0x153c</run_address>
         <size>0x6c</size>
         <input_file_ref idref="fl-13c"/>
      </object_component>
      <object_component id="oc-151">
         <name>.const</name>
         <load_address>0x15a8</load_address>
         <run_address>0x15a8</run_address>
         <size>0x10</size>
         <input_file_ref idref="fl-2"/>
      </object_component>
      <object_component id="oc-211">
         <name>.cinit..data.load</name>
         <load_address>0x15b8</load_address>
         <run_address>0x15b8</run_address>
         <size>0x33</size>
      </object_component>
      <object_component id="oc-20e">
         <name>__TI_handler_table</name>
         <load_address>0x15ec</load_address>
         <run_address>0x15ec</run_address>
         <size>0xc</size>
      </object_component>
      <object_component id="oc-212">
         <name>.cinit..bss.load</name>
         <load_address>0x15f8</load_address>
         <run_address>0x15f8</run_address>
         <size>0x8</size>
      </object_component>
      <object_component id="oc-210">
         <name>.cinit..vtable.load</name>
         <load_address>0x1600</load_address>
         <run_address>0x1600</run_address>
         <size>0x8</size>
      </object_component>
      <object_component id="oc-20f">
         <name>__TI_cinit_table</name>
         <load_address>0x1608</load_address>
         <run_address>0x1608</run_address>
         <size>0x18</size>
      </object_component>
      <object_component id="oc-1d4">
         <name>.vtable</name>
         <uninitialized>true</uninitialized>
         <run_address>0x20000000</run_address>
         <size>0x26c</size>
         <input_file_ref idref="fl-13a"/>
      </object_component>
      <object_component id="oc-29">
         <name>.stack</name>
         <uninitialized>true</uninitialized>
         <run_address>0x20000dac</run_address>
         <size>0x0</size>
         <input_file_ref idref="fl-12b"/>
      </object_component>
      <object_component id="oc-213">
         <name>.stack</name>
         <uninitialized>true</uninitialized>
         <run_address>0x20000dac</run_address>
         <size>0x0</size>
      </object_component>
      <object_component id="oc-154">
         <name>.bss:temporary</name>
         <uninitialized>true</uninitialized>
         <run_address>0x2000026c</run_address>
         <size>0xb40</size>
         <input_file_ref idref="fl-2"/>
      </object_component>
      <object_component id="oc-148">
         <name>.data</name>
         <load_address>0x20000fac</load_address>
         <run_address>0x20000fac</run_address>
         <size>0x4c</size>
         <input_file_ref idref="fl-2"/>
      </object_component>
      <object_component id="oc-14b">
         <name>.data:button1count</name>
         <load_address>0x20000ff8</load_address>
         <run_address>0x20000ff8</run_address>
         <size>0x3c</size>
         <input_file_ref idref="fl-2"/>
      </object_component>
      <object_component id="oc-14e">
         <name>.data:button2count</name>
         <load_address>0x20001034</load_address>
         <run_address>0x20001034</run_address>
         <size>0x3c</size>
         <input_file_ref idref="fl-2"/>
      </object_component>
      <object_component id="oc-a8">
         <name>.data</name>
         <load_address>0x20001078</load_address>
         <run_address>0x20001078</run_address>
         <size>0x8</size>
         <input_file_ref idref="fl-12f"/>
      </object_component>
      <object_component id="oc-70">
         <name>.data</name>
         <load_address>0x20001080</load_address>
         <run_address>0x20001080</run_address>
         <size>0x4</size>
         <input_file_ref idref="fl-133"/>
      </object_component>
      <object_component id="oc-a5">
         <name>.data</name>
         <load_address>0x20001070</load_address>
         <run_address>0x20001070</run_address>
         <size>0x8</size>
         <input_file_ref idref="fl-134"/>
      </object_component>
      <object_component id="oc-15d">
         <name>.debug_info</name>
         <load_address>0x0</load_address>
         <run_address>0x0</run_address>
         <size>0x611</size>
         <input_file_ref idref="fl-2"/>
      </object_component>
      <object_component id="oc-149">
         <name>.debug_info</name>
         <load_address>0x611</load_address>
         <run_address>0x611</run_address>
         <size>0x244</size>
         <input_file_ref idref="fl-2"/>
      </object_component>
      <object_component id="oc-14c">
         <name>.debug_info</name>
         <load_address>0x855</load_address>
         <run_address>0x855</run_address>
         <size>0xd5</size>
         <input_file_ref idref="fl-2"/>
      </object_component>
      <object_component id="oc-14f">
         <name>.debug_info</name>
         <load_address>0x92a</load_address>
         <run_address>0x92a</run_address>
         <size>0xd5</size>
         <input_file_ref idref="fl-2"/>
      </object_component>
      <object_component id="oc-155">
         <name>.debug_info</name>
         <load_address>0x9ff</load_address>
         <run_address>0x9ff</run_address>
         <size>0xcf</size>
         <input_file_ref idref="fl-2"/>
      </object_component>
      <object_component id="oc-152">
         <name>.debug_info</name>
         <load_address>0xace</load_address>
         <run_address>0xace</run_address>
         <size>0xe9</size>
         <input_file_ref idref="fl-2"/>
      </object_component>
      <object_component id="oc-9e">
         <name>.debug_info</name>
         <load_address>0xbb7</load_address>
         <run_address>0xbb7</run_address>
         <size>0xf2f</size>
         <input_file_ref idref="fl-2"/>
      </object_component>
      <object_component id="oc-b0">
         <name>.debug_info</name>
         <load_address>0x1ae6</load_address>
         <run_address>0x1ae6</run_address>
         <size>0x8b</size>
         <input_file_ref idref="fl-2"/>
      </object_component>
      <object_component id="oc-7c">
         <name>.debug_info</name>
         <load_address>0x1b71</load_address>
         <run_address>0x1b71</run_address>
         <size>0x18b</size>
         <input_file_ref idref="fl-2"/>
      </object_component>
      <object_component id="oc-158">
         <name>.debug_info</name>
         <load_address>0x1cfc</load_address>
         <run_address>0x1cfc</run_address>
         <size>0x112</size>
         <input_file_ref idref="fl-2"/>
      </object_component>
      <object_component id="oc-77">
         <name>.debug_info</name>
         <load_address>0x1e0e</load_address>
         <run_address>0x1e0e</run_address>
         <size>0x84</size>
         <input_file_ref idref="fl-3"/>
      </object_component>
      <object_component id="oc-32">
         <name>.debug_info</name>
         <load_address>0x1e92</load_address>
         <run_address>0x1e92</run_address>
         <size>0x105</size>
         <input_file_ref idref="fl-4"/>
      </object_component>
      <object_component id="oc-10">
         <name>.debug_info</name>
         <load_address>0x1f97</load_address>
         <run_address>0x1f97</run_address>
         <size>0xea</size>
         <input_file_ref idref="fl-4"/>
      </object_component>
      <object_component id="oc-2b">
         <name>.debug_info</name>
         <load_address>0x2081</load_address>
         <run_address>0x2081</run_address>
         <size>0x266</size>
         <input_file_ref idref="fl-4"/>
      </object_component>
      <object_component id="oc-27">
         <name>.debug_info</name>
         <load_address>0x22e7</load_address>
         <run_address>0x22e7</run_address>
         <size>0x134</size>
         <input_file_ref idref="fl-12b"/>
      </object_component>
      <object_component id="oc-3e">
         <name>.debug_info</name>
         <load_address>0x241b</load_address>
         <run_address>0x241b</run_address>
         <size>0x121</size>
         <input_file_ref idref="fl-12c"/>
      </object_component>
      <object_component id="oc-14">
         <name>.debug_info</name>
         <load_address>0x253c</load_address>
         <run_address>0x253c</run_address>
         <size>0x1c0</size>
         <input_file_ref idref="fl-12c"/>
      </object_component>
      <object_component id="oc-39">
         <name>.debug_info</name>
         <load_address>0x26fc</load_address>
         <run_address>0x26fc</run_address>
         <size>0x46</size>
         <input_file_ref idref="fl-12c"/>
      </object_component>
      <object_component id="oc-82">
         <name>.debug_info</name>
         <load_address>0x2742</load_address>
         <run_address>0x2742</run_address>
         <size>0x2c</size>
         <input_file_ref idref="fl-12c"/>
      </object_component>
      <object_component id="oc-46">
         <name>.debug_info</name>
         <load_address>0x276e</load_address>
         <run_address>0x276e</run_address>
         <size>0x115</size>
         <input_file_ref idref="fl-12d"/>
      </object_component>
      <object_component id="oc-40">
         <name>.debug_info</name>
         <load_address>0x2883</load_address>
         <run_address>0x2883</run_address>
         <size>0x228</size>
         <input_file_ref idref="fl-12d"/>
      </object_component>
      <object_component id="oc-19">
         <name>.debug_info</name>
         <load_address>0x2aab</load_address>
         <run_address>0x2aab</run_address>
         <size>0x192</size>
         <input_file_ref idref="fl-12d"/>
      </object_component>
      <object_component id="oc-47">
         <name>.debug_info</name>
         <load_address>0x2c3d</load_address>
         <run_address>0x2c3d</run_address>
         <size>0x39</size>
         <input_file_ref idref="fl-12d"/>
      </object_component>
      <object_component id="oc-8c">
         <name>.debug_info</name>
         <load_address>0x2c76</load_address>
         <run_address>0x2c76</run_address>
         <size>0x2c</size>
         <input_file_ref idref="fl-12d"/>
      </object_component>
      <object_component id="oc-57">
         <name>.debug_info</name>
         <load_address>0x2ca2</load_address>
         <run_address>0x2ca2</run_address>
         <size>0x110</size>
         <input_file_ref idref="fl-12e"/>
      </object_component>
      <object_component id="oc-1f">
         <name>.debug_info</name>
         <load_address>0x2db2</load_address>
         <run_address>0x2db2</run_address>
         <size>0x18b</size>
         <input_file_ref idref="fl-12e"/>
      </object_component>
      <object_component id="oc-52">
         <name>.debug_info</name>
         <load_address>0x2f3d</load_address>
         <run_address>0x2f3d</run_address>
         <size>0x46</size>
         <input_file_ref idref="fl-12e"/>
      </object_component>
      <object_component id="oc-ac">
         <name>.debug_info</name>
         <load_address>0x2f83</load_address>
         <run_address>0x2f83</run_address>
         <size>0x172</size>
         <input_file_ref idref="fl-12f"/>
      </object_component>
      <object_component id="oc-a9">
         <name>.debug_info</name>
         <load_address>0x30f5</load_address>
         <run_address>0x30f5</run_address>
         <size>0x117</size>
         <input_file_ref idref="fl-12f"/>
      </object_component>
      <object_component id="oc-6d">
         <name>.debug_info</name>
         <load_address>0x320c</load_address>
         <run_address>0x320c</run_address>
         <size>0x1ee</size>
         <input_file_ref idref="fl-12f"/>
      </object_component>
      <object_component id="oc-34">
         <name>.debug_info</name>
         <load_address>0x33fa</load_address>
         <run_address>0x33fa</run_address>
         <size>0xf6</size>
         <input_file_ref idref="fl-130"/>
      </object_component>
      <object_component id="oc-4d">
         <name>.debug_info</name>
         <load_address>0x34f0</load_address>
         <run_address>0x34f0</run_address>
         <size>0x124</size>
         <input_file_ref idref="fl-131"/>
      </object_component>
      <object_component id="oc-59">
         <name>.debug_info</name>
         <load_address>0x3614</load_address>
         <run_address>0x3614</run_address>
         <size>0x129</size>
         <input_file_ref idref="fl-132"/>
      </object_component>
      <object_component id="oc-71">
         <name>.debug_info</name>
         <load_address>0x373d</load_address>
         <run_address>0x373d</run_address>
         <size>0xea</size>
         <input_file_ref idref="fl-133"/>
      </object_component>
      <object_component id="oc-16d">
         <name>.debug_info</name>
         <load_address>0x3827</load_address>
         <run_address>0x3827</run_address>
         <size>0x105</size>
         <input_file_ref idref="fl-134"/>
      </object_component>
      <object_component id="oc-a6">
         <name>.debug_info</name>
         <load_address>0x392c</load_address>
         <run_address>0x392c</run_address>
         <size>0xf4</size>
         <input_file_ref idref="fl-134"/>
      </object_component>
      <object_component id="oc-166">
         <name>.debug_info</name>
         <load_address>0x3a20</load_address>
         <run_address>0x3a20</run_address>
         <size>0x200</size>
         <input_file_ref idref="fl-134"/>
      </object_component>
      <object_component id="oc-a4">
         <name>.debug_info</name>
         <load_address>0x3c20</load_address>
         <run_address>0x3c20</run_address>
         <size>0x147</size>
         <input_file_ref idref="fl-135"/>
      </object_component>
      <object_component id="oc-65">
         <name>.debug_info</name>
         <load_address>0x3d67</load_address>
         <run_address>0x3d67</run_address>
         <size>0x148</size>
         <input_file_ref idref="fl-135"/>
      </object_component>
      <object_component id="oc-160">
         <name>.debug_info</name>
         <load_address>0x3eaf</load_address>
         <run_address>0x3eaf</run_address>
         <size>0x5e</size>
         <input_file_ref idref="fl-135"/>
      </object_component>
      <object_component id="oc-9c">
         <name>.debug_info</name>
         <load_address>0x3f0d</load_address>
         <run_address>0x3f0d</run_address>
         <size>0x29e</size>
         <input_file_ref idref="fl-136"/>
      </object_component>
      <object_component id="oc-5f">
         <name>.debug_info</name>
         <load_address>0x41ab</load_address>
         <run_address>0x41ab</run_address>
         <size>0x158</size>
         <input_file_ref idref="fl-136"/>
      </object_component>
      <object_component id="oc-b9">
         <name>.debug_info</name>
         <load_address>0x4303</load_address>
         <run_address>0x4303</run_address>
         <size>0x39</size>
         <input_file_ref idref="fl-136"/>
      </object_component>
      <object_component id="oc-be">
         <name>.debug_info</name>
         <load_address>0x433c</load_address>
         <run_address>0x433c</run_address>
         <size>0xcd</size>
         <input_file_ref idref="fl-136"/>
      </object_component>
      <object_component id="oc-b6">
         <name>.debug_info</name>
         <load_address>0x4409</load_address>
         <run_address>0x4409</run_address>
         <size>0x1c1</size>
         <input_file_ref idref="fl-137"/>
      </object_component>
      <object_component id="oc-96">
         <name>.debug_info</name>
         <load_address>0x45ca</load_address>
         <run_address>0x45ca</run_address>
         <size>0x164</size>
         <input_file_ref idref="fl-137"/>
      </object_component>
      <object_component id="oc-175">
         <name>.debug_info</name>
         <load_address>0x472e</load_address>
         <run_address>0x472e</run_address>
         <size>0x2c</size>
         <input_file_ref idref="fl-137"/>
      </object_component>
      <object_component id="oc-187">
         <name>.debug_info</name>
         <load_address>0x475a</load_address>
         <run_address>0x475a</run_address>
         <size>0x230</size>
         <input_file_ref idref="fl-138"/>
      </object_component>
      <object_component id="oc-1ce">
         <name>.debug_info</name>
         <load_address>0x498a</load_address>
         <run_address>0x498a</run_address>
         <size>0x167</size>
         <input_file_ref idref="fl-138"/>
      </object_component>
      <object_component id="oc-1d1">
         <name>.debug_info</name>
         <load_address>0x4af1</load_address>
         <run_address>0x4af1</run_address>
         <size>0x169</size>
         <input_file_ref idref="fl-138"/>
      </object_component>
      <object_component id="oc-19e">
         <name>.debug_info</name>
         <load_address>0x4c5a</load_address>
         <run_address>0x4c5a</run_address>
         <size>0x15b</size>
         <input_file_ref idref="fl-138"/>
      </object_component>
      <object_component id="oc-180">
         <name>.debug_info</name>
         <load_address>0x4db5</load_address>
         <run_address>0x4db5</run_address>
         <size>0x2b3</size>
         <input_file_ref idref="fl-138"/>
      </object_component>
      <object_component id="oc-dc">
         <name>.debug_info</name>
         <load_address>0x5068</load_address>
         <run_address>0x5068</run_address>
         <size>0x316</size>
         <input_file_ref idref="fl-138"/>
      </object_component>
      <object_component id="oc-fa">
         <name>.debug_info</name>
         <load_address>0x537e</load_address>
         <run_address>0x537e</run_address>
         <size>0x279</size>
         <input_file_ref idref="fl-138"/>
      </object_component>
      <object_component id="oc-112">
         <name>.debug_info</name>
         <load_address>0x55f7</load_address>
         <run_address>0x55f7</run_address>
         <size>0x27f</size>
         <input_file_ref idref="fl-138"/>
      </object_component>
      <object_component id="oc-118">
         <name>.debug_info</name>
         <load_address>0x5876</load_address>
         <run_address>0x5876</run_address>
         <size>0x279</size>
         <input_file_ref idref="fl-138"/>
      </object_component>
      <object_component id="oc-d6">
         <name>.debug_info</name>
         <load_address>0x5aef</load_address>
         <run_address>0x5aef</run_address>
         <size>0x285</size>
         <input_file_ref idref="fl-138"/>
      </object_component>
      <object_component id="oc-f4">
         <name>.debug_info</name>
         <load_address>0x5d74</load_address>
         <run_address>0x5d74</run_address>
         <size>0x280</size>
         <input_file_ref idref="fl-138"/>
      </object_component>
      <object_component id="oc-18a">
         <name>.debug_info</name>
         <load_address>0x5ff4</load_address>
         <run_address>0x5ff4</run_address>
         <size>0x27e</size>
         <input_file_ref idref="fl-138"/>
      </object_component>
      <object_component id="oc-e2">
         <name>.debug_info</name>
         <load_address>0x6272</load_address>
         <run_address>0x6272</run_address>
         <size>0x2bb</size>
         <input_file_ref idref="fl-138"/>
      </object_component>
      <object_component id="oc-e8">
         <name>.debug_info</name>
         <load_address>0x652d</load_address>
         <run_address>0x652d</run_address>
         <size>0x2cf</size>
         <input_file_ref idref="fl-138"/>
      </object_component>
      <object_component id="oc-ee">
         <name>.debug_info</name>
         <load_address>0x67fc</load_address>
         <run_address>0x67fc</run_address>
         <size>0x28f</size>
         <input_file_ref idref="fl-138"/>
      </object_component>
      <object_component id="oc-12a">
         <name>.debug_info</name>
         <load_address>0x6a8b</load_address>
         <run_address>0x6a8b</run_address>
         <size>0x28d</size>
         <input_file_ref idref="fl-138"/>
      </object_component>
      <object_component id="oc-1ab">
         <name>.debug_info</name>
         <load_address>0x6d18</load_address>
         <run_address>0x6d18</run_address>
         <size>0x231</size>
         <input_file_ref idref="fl-139"/>
      </object_component>
      <object_component id="oc-130">
         <name>.debug_info</name>
         <load_address>0x6f49</load_address>
         <run_address>0x6f49</run_address>
         <size>0x2ce</size>
         <input_file_ref idref="fl-139"/>
      </object_component>
      <object_component id="oc-11e">
         <name>.debug_info</name>
         <load_address>0x7217</load_address>
         <run_address>0x7217</run_address>
         <size>0x24e</size>
         <input_file_ref idref="fl-139"/>
      </object_component>
      <object_component id="oc-124">
         <name>.debug_info</name>
         <load_address>0x7465</load_address>
         <run_address>0x7465</run_address>
         <size>0x2d5</size>
         <input_file_ref idref="fl-139"/>
      </object_component>
      <object_component id="oc-142">
         <name>.debug_info</name>
         <load_address>0x773a</load_address>
         <run_address>0x773a</run_address>
         <size>0x254</size>
         <input_file_ref idref="fl-139"/>
      </object_component>
      <object_component id="oc-136">
         <name>.debug_info</name>
         <load_address>0x798e</load_address>
         <run_address>0x798e</run_address>
         <size>0x27e</size>
         <input_file_ref idref="fl-139"/>
      </object_component>
      <object_component id="oc-13c">
         <name>.debug_info</name>
         <load_address>0x7c0c</load_address>
         <run_address>0x7c0c</run_address>
         <size>0x24e</size>
         <input_file_ref idref="fl-139"/>
      </object_component>
      <object_component id="oc-1d8">
         <name>.debug_info</name>
         <load_address>0x7e5a</load_address>
         <run_address>0x7e5a</run_address>
         <size>0x20e</size>
         <input_file_ref idref="fl-13a"/>
      </object_component>
      <object_component id="oc-1da">
         <name>.debug_info</name>
         <load_address>0x8068</load_address>
         <run_address>0x8068</run_address>
         <size>0x210</size>
         <input_file_ref idref="fl-13a"/>
      </object_component>
      <object_component id="oc-1d5">
         <name>.debug_info</name>
         <load_address>0x8278</load_address>
         <run_address>0x8278</run_address>
         <size>0x157</size>
         <input_file_ref idref="fl-13a"/>
      </object_component>
      <object_component id="oc-190">
         <name>.debug_info</name>
         <load_address>0x83cf</load_address>
         <run_address>0x83cf</run_address>
         <size>0x2c1</size>
         <input_file_ref idref="fl-13a"/>
      </object_component>
      <object_component id="oc-196">
         <name>.debug_info</name>
         <load_address>0x8690</load_address>
         <run_address>0x8690</run_address>
         <size>0x268</size>
         <input_file_ref idref="fl-13a"/>
      </object_component>
      <object_component id="oc-17b">
         <name>.debug_info</name>
         <load_address>0x88f8</load_address>
         <run_address>0x88f8</run_address>
         <size>0x21c</size>
         <input_file_ref idref="fl-13b"/>
      </object_component>
      <object_component id="oc-10c">
         <name>.debug_info</name>
         <load_address>0x8b14</load_address>
         <run_address>0x8b14</run_address>
         <size>0x242</size>
         <input_file_ref idref="fl-13b"/>
      </object_component>
      <object_component id="oc-c4">
         <name>.debug_info</name>
         <load_address>0x8d56</load_address>
         <run_address>0x8d56</run_address>
         <size>0x276</size>
         <input_file_ref idref="fl-13b"/>
      </object_component>
      <object_component id="oc-106">
         <name>.debug_info</name>
         <load_address>0x8fcc</load_address>
         <run_address>0x8fcc</run_address>
         <size>0x3d9</size>
         <input_file_ref idref="fl-13b"/>
      </object_component>
      <object_component id="oc-17d">
         <name>.debug_info</name>
         <load_address>0x93a5</load_address>
         <run_address>0x93a5</run_address>
         <size>0x27f</size>
         <input_file_ref idref="fl-13c"/>
      </object_component>
      <object_component id="oc-1a3">
         <name>.debug_info</name>
         <load_address>0x9624</load_address>
         <run_address>0x9624</run_address>
         <size>0x14d</size>
         <input_file_ref idref="fl-13c"/>
      </object_component>
      <object_component id="oc-d0">
         <name>.debug_info</name>
         <load_address>0x9771</load_address>
         <run_address>0x9771</run_address>
         <size>0x27d</size>
         <input_file_ref idref="fl-13c"/>
      </object_component>
      <object_component id="oc-cb">
         <name>.debug_info</name>
         <load_address>0x99ee</load_address>
         <run_address>0x99ee</run_address>
         <size>0x2db</size>
         <input_file_ref idref="fl-13c"/>
      </object_component>
      <object_component id="oc-101">
         <name>.debug_info</name>
         <load_address>0x9cc9</load_address>
         <run_address>0x9cc9</run_address>
         <size>0x2b5</size>
         <input_file_ref idref="fl-13c"/>
      </object_component>
      <object_component id="oc-1c5">
         <name>.debug_info</name>
         <load_address>0x9f7e</load_address>
         <run_address>0x9f7e</run_address>
         <size>0x5f</size>
         <input_file_ref idref="fl-13c"/>
      </object_component>
      <object_component id="oc-214">
         <name>.debug_info</name>
         <load_address>0x9fdd</load_address>
         <run_address>0x9fdd</run_address>
         <size>0xa4</size>
      </object_component>
      <object_component id="oc-1bd">
         <name>.debug_line</name>
         <load_address>0x0</load_address>
         <run_address>0x0</run_address>
         <size>0xf8</size>
         <input_file_ref idref="fl-2"/>
      </object_component>
      <object_component id="oc-1b3">
         <name>.debug_line</name>
         <load_address>0xf8</load_address>
         <run_address>0xf8</run_address>
         <size>0x4c</size>
         <input_file_ref idref="fl-2"/>
      </object_component>
      <object_component id="oc-1b5">
         <name>.debug_line</name>
         <load_address>0x144</load_address>
         <run_address>0x144</run_address>
         <size>0x39</size>
         <input_file_ref idref="fl-2"/>
      </object_component>
      <object_component id="oc-1b7">
         <name>.debug_line</name>
         <load_address>0x17d</load_address>
         <run_address>0x17d</run_address>
         <size>0x39</size>
         <input_file_ref idref="fl-2"/>
      </object_component>
      <object_component id="oc-1bb">
         <name>.debug_line</name>
         <load_address>0x1b6</load_address>
         <run_address>0x1b6</run_address>
         <size>0x33</size>
         <input_file_ref idref="fl-2"/>
      </object_component>
      <object_component id="oc-1b9">
         <name>.debug_line</name>
         <load_address>0x1e9</load_address>
         <run_address>0x1e9</run_address>
         <size>0x33</size>
         <input_file_ref idref="fl-2"/>
      </object_component>
      <object_component id="oc-a1">
         <name>.debug_line</name>
         <load_address>0x21c</load_address>
         <run_address>0x21c</run_address>
         <size>0x362</size>
         <input_file_ref idref="fl-2"/>
      </object_component>
      <object_component id="oc-b3">
         <name>.debug_line</name>
         <load_address>0x57e</load_address>
         <run_address>0x57e</run_address>
         <size>0x20</size>
         <input_file_ref idref="fl-2"/>
      </object_component>
      <object_component id="oc-7f">
         <name>.debug_line</name>
         <load_address>0x59e</load_address>
         <run_address>0x59e</run_address>
         <size>0x60</size>
         <input_file_ref idref="fl-2"/>
      </object_component>
      <object_component id="oc-15b">
         <name>.debug_line</name>
         <load_address>0x5fe</load_address>
         <run_address>0x5fe</run_address>
         <size>0x30</size>
         <input_file_ref idref="fl-2"/>
      </object_component>
      <object_component id="oc-7a">
         <name>.debug_line</name>
         <load_address>0x62e</load_address>
         <run_address>0x62e</run_address>
         <size>0x20</size>
         <input_file_ref idref="fl-3"/>
      </object_component>
      <object_component id="oc-76">
         <name>.debug_line</name>
         <load_address>0x64e</load_address>
         <run_address>0x64e</run_address>
         <size>0x41</size>
         <input_file_ref idref="fl-4"/>
      </object_component>
      <object_component id="oc-31">
         <name>.debug_line</name>
         <load_address>0x68f</load_address>
         <run_address>0x68f</run_address>
         <size>0x41</size>
         <input_file_ref idref="fl-4"/>
      </object_component>
      <object_component id="oc-2e">
         <name>.debug_line</name>
         <load_address>0x6d0</load_address>
         <run_address>0x6d0</run_address>
         <size>0xa1</size>
         <input_file_ref idref="fl-4"/>
      </object_component>
      <object_component id="oc-26">
         <name>.debug_line</name>
         <load_address>0x771</load_address>
         <run_address>0x771</run_address>
         <size>0x52</size>
         <input_file_ref idref="fl-12b"/>
      </object_component>
      <object_component id="oc-88">
         <name>.debug_line</name>
         <load_address>0x7c3</load_address>
         <run_address>0x7c3</run_address>
         <size>0x80</size>
         <input_file_ref idref="fl-12c"/>
      </object_component>
      <object_component id="oc-16">
         <name>.debug_line</name>
         <load_address>0x843</load_address>
         <run_address>0x843</run_address>
         <size>0x55</size>
         <input_file_ref idref="fl-12c"/>
      </object_component>
      <object_component id="oc-3c">
         <name>.debug_line</name>
         <load_address>0x898</load_address>
         <run_address>0x898</run_address>
         <size>0x3a</size>
         <input_file_ref idref="fl-12c"/>
      </object_component>
      <object_component id="oc-85">
         <name>.debug_line</name>
         <load_address>0x8d2</load_address>
         <run_address>0x8d2</run_address>
         <size>0x80</size>
         <input_file_ref idref="fl-12c"/>
      </object_component>
      <object_component id="oc-8b">
         <name>.debug_line</name>
         <load_address>0x952</load_address>
         <run_address>0x952</run_address>
         <size>0x80</size>
         <input_file_ref idref="fl-12d"/>
      </object_component>
      <object_component id="oc-43">
         <name>.debug_line</name>
         <load_address>0x9d2</load_address>
         <run_address>0x9d2</run_address>
         <size>0x98</size>
         <input_file_ref idref="fl-12d"/>
      </object_component>
      <object_component id="oc-1c">
         <name>.debug_line</name>
         <load_address>0xa6a</load_address>
         <run_address>0xa6a</run_address>
         <size>0x4b</size>
         <input_file_ref idref="fl-12d"/>
      </object_component>
      <object_component id="oc-4a">
         <name>.debug_line</name>
         <load_address>0xab5</load_address>
         <run_address>0xab5</run_address>
         <size>0x39</size>
         <input_file_ref idref="fl-12d"/>
      </object_component>
      <object_component id="oc-8f">
         <name>.debug_line</name>
         <load_address>0xaee</load_address>
         <run_address>0xaee</run_address>
         <size>0x80</size>
         <input_file_ref idref="fl-12d"/>
      </object_component>
      <object_component id="oc-93">
         <name>.debug_line</name>
         <load_address>0xb6e</load_address>
         <run_address>0xb6e</run_address>
         <size>0x80</size>
         <input_file_ref idref="fl-12e"/>
      </object_component>
      <object_component id="oc-22">
         <name>.debug_line</name>
         <load_address>0xbee</load_address>
         <run_address>0xbee</run_address>
         <size>0x4f</size>
         <input_file_ref idref="fl-12e"/>
      </object_component>
      <object_component id="oc-55">
         <name>.debug_line</name>
         <load_address>0xc3d</load_address>
         <run_address>0xc3d</run_address>
         <size>0x34</size>
         <input_file_ref idref="fl-12e"/>
      </object_component>
      <object_component id="oc-172">
         <name>.debug_line</name>
         <load_address>0xc71</load_address>
         <run_address>0xc71</run_address>
         <size>0x7f</size>
         <input_file_ref idref="fl-12f"/>
      </object_component>
      <object_component id="oc-170">
         <name>.debug_line</name>
         <load_address>0xcf0</load_address>
         <run_address>0xcf0</run_address>
         <size>0x2a</size>
         <input_file_ref idref="fl-12f"/>
      </object_component>
      <object_component id="oc-6b">
         <name>.debug_line</name>
         <load_address>0xd1a</load_address>
         <run_address>0xd1a</run_address>
         <size>0x7a</size>
         <input_file_ref idref="fl-12f"/>
      </object_component>
      <object_component id="oc-37">
         <name>.debug_line</name>
         <load_address>0xd94</load_address>
         <run_address>0xd94</run_address>
         <size>0x88</size>
         <input_file_ref idref="fl-130"/>
      </object_component>
      <object_component id="oc-50">
         <name>.debug_line</name>
         <load_address>0xe1c</load_address>
         <run_address>0xe1c</run_address>
         <size>0x79</size>
         <input_file_ref idref="fl-131"/>
      </object_component>
      <object_component id="oc-5c">
         <name>.debug_line</name>
         <load_address>0xe95</load_address>
         <run_address>0xe95</run_address>
         <size>0x40</size>
         <input_file_ref idref="fl-132"/>
      </object_component>
      <object_component id="oc-af">
         <name>.debug_line</name>
         <load_address>0xed5</load_address>
         <run_address>0xed5</run_address>
         <size>0x33</size>
         <input_file_ref idref="fl-133"/>
      </object_component>
      <object_component id="oc-1c0">
         <name>.debug_line</name>
         <load_address>0xf08</load_address>
         <run_address>0xf08</run_address>
         <size>0x20</size>
         <input_file_ref idref="fl-134"/>
      </object_component>
      <object_component id="oc-16c">
         <name>.debug_line</name>
         <load_address>0xf28</load_address>
         <run_address>0xf28</run_address>
         <size>0x2b</size>
         <input_file_ref idref="fl-134"/>
      </object_component>
      <object_component id="oc-169">
         <name>.debug_line</name>
         <load_address>0xf53</load_address>
         <run_address>0xf53</run_address>
         <size>0x68</size>
         <input_file_ref idref="fl-134"/>
      </object_component>
      <object_component id="oc-15f">
         <name>.debug_line</name>
         <load_address>0xfbb</load_address>
         <run_address>0xfbb</run_address>
         <size>0x2b</size>
         <input_file_ref idref="fl-135"/>
      </object_component>
      <object_component id="oc-68">
         <name>.debug_line</name>
         <load_address>0xfe6</load_address>
         <run_address>0xfe6</run_address>
         <size>0x50</size>
         <input_file_ref idref="fl-135"/>
      </object_component>
      <object_component id="oc-163">
         <name>.debug_line</name>
         <load_address>0x1036</load_address>
         <run_address>0x1036</run_address>
         <size>0x2b</size>
         <input_file_ref idref="fl-135"/>
      </object_component>
      <object_component id="oc-b8">
         <name>.debug_line</name>
         <load_address>0x1061</load_address>
         <run_address>0x1061</run_address>
         <size>0x8f</size>
         <input_file_ref idref="fl-136"/>
      </object_component>
      <object_component id="oc-62">
         <name>.debug_line</name>
         <load_address>0x10f0</load_address>
         <run_address>0x10f0</run_address>
         <size>0x79</size>
         <input_file_ref idref="fl-136"/>
      </object_component>
      <object_component id="oc-bc">
         <name>.debug_line</name>
         <load_address>0x1169</load_address>
         <run_address>0x1169</run_address>
         <size>0x2e</size>
         <input_file_ref idref="fl-136"/>
      </object_component>
      <object_component id="oc-c1">
         <name>.debug_line</name>
         <load_address>0x1197</load_address>
         <run_address>0x1197</run_address>
         <size>0x81</size>
         <input_file_ref idref="fl-136"/>
      </object_component>
      <object_component id="oc-174">
         <name>.debug_line</name>
         <load_address>0x1218</load_address>
         <run_address>0x1218</run_address>
         <size>0x8e</size>
         <input_file_ref idref="fl-137"/>
      </object_component>
      <object_component id="oc-99">
         <name>.debug_line</name>
         <load_address>0x12a6</load_address>
         <run_address>0x12a6</run_address>
         <size>0x68</size>
         <input_file_ref idref="fl-137"/>
      </object_component>
      <object_component id="oc-178">
         <name>.debug_line</name>
         <load_address>0x130e</load_address>
         <run_address>0x130e</run_address>
         <size>0x2e</size>
         <input_file_ref idref="fl-137"/>
      </object_component>
      <object_component id="oc-1cc">
         <name>.debug_line</name>
         <load_address>0x133c</load_address>
         <run_address>0x133c</run_address>
         <size>0x82</size>
         <input_file_ref idref="fl-138"/>
      </object_component>
      <object_component id="oc-1e4">
         <name>.debug_line</name>
         <load_address>0x13be</load_address>
         <run_address>0x13be</run_address>
         <size>0x7d</size>
         <input_file_ref idref="fl-138"/>
      </object_component>
      <object_component id="oc-1e6">
         <name>.debug_line</name>
         <load_address>0x143b</load_address>
         <run_address>0x143b</run_address>
         <size>0x7d</size>
         <input_file_ref idref="fl-138"/>
      </object_component>
      <object_component id="oc-1de">
         <name>.debug_line</name>
         <load_address>0x14b8</load_address>
         <run_address>0x14b8</run_address>
         <size>0x7d</size>
         <input_file_ref idref="fl-138"/>
      </object_component>
      <object_component id="oc-183">
         <name>.debug_line</name>
         <load_address>0x1535</load_address>
         <run_address>0x1535</run_address>
         <size>0x95</size>
         <input_file_ref idref="fl-138"/>
      </object_component>
      <object_component id="oc-df">
         <name>.debug_line</name>
         <load_address>0x15ca</load_address>
         <run_address>0x15ca</run_address>
         <size>0xd1</size>
         <input_file_ref idref="fl-138"/>
      </object_component>
      <object_component id="oc-fd">
         <name>.debug_line</name>
         <load_address>0x169b</load_address>
         <run_address>0x169b</run_address>
         <size>0x93</size>
         <input_file_ref idref="fl-138"/>
      </object_component>
      <object_component id="oc-115">
         <name>.debug_line</name>
         <load_address>0x172e</load_address>
         <run_address>0x172e</run_address>
         <size>0x93</size>
         <input_file_ref idref="fl-138"/>
      </object_component>
      <object_component id="oc-11b">
         <name>.debug_line</name>
         <load_address>0x17c1</load_address>
         <run_address>0x17c1</run_address>
         <size>0x93</size>
         <input_file_ref idref="fl-138"/>
      </object_component>
      <object_component id="oc-d9">
         <name>.debug_line</name>
         <load_address>0x1854</load_address>
         <run_address>0x1854</run_address>
         <size>0x93</size>
         <input_file_ref idref="fl-138"/>
      </object_component>
      <object_component id="oc-f7">
         <name>.debug_line</name>
         <load_address>0x18e7</load_address>
         <run_address>0x18e7</run_address>
         <size>0xa7</size>
         <input_file_ref idref="fl-138"/>
      </object_component>
      <object_component id="oc-18d">
         <name>.debug_line</name>
         <load_address>0x198e</load_address>
         <run_address>0x198e</run_address>
         <size>0xa9</size>
         <input_file_ref idref="fl-138"/>
      </object_component>
      <object_component id="oc-e5">
         <name>.debug_line</name>
         <load_address>0x1a37</load_address>
         <run_address>0x1a37</run_address>
         <size>0x99</size>
         <input_file_ref idref="fl-138"/>
      </object_component>
      <object_component id="oc-eb">
         <name>.debug_line</name>
         <load_address>0x1ad0</load_address>
         <run_address>0x1ad0</run_address>
         <size>0x99</size>
         <input_file_ref idref="fl-138"/>
      </object_component>
      <object_component id="oc-f1">
         <name>.debug_line</name>
         <load_address>0x1b69</load_address>
         <run_address>0x1b69</run_address>
         <size>0x92</size>
         <input_file_ref idref="fl-138"/>
      </object_component>
      <object_component id="oc-12d">
         <name>.debug_line</name>
         <load_address>0x1bfb</load_address>
         <run_address>0x1bfb</run_address>
         <size>0x92</size>
         <input_file_ref idref="fl-138"/>
      </object_component>
      <object_component id="oc-1e2">
         <name>.debug_line</name>
         <load_address>0x1c8d</load_address>
         <run_address>0x1c8d</run_address>
         <size>0x82</size>
         <input_file_ref idref="fl-139"/>
      </object_component>
      <object_component id="oc-133">
         <name>.debug_line</name>
         <load_address>0x1d0f</load_address>
         <run_address>0x1d0f</run_address>
         <size>0x91</size>
         <input_file_ref idref="fl-139"/>
      </object_component>
      <object_component id="oc-121">
         <name>.debug_line</name>
         <load_address>0x1da0</load_address>
         <run_address>0x1da0</run_address>
         <size>0x91</size>
         <input_file_ref idref="fl-139"/>
      </object_component>
      <object_component id="oc-127">
         <name>.debug_line</name>
         <load_address>0x1e31</load_address>
         <run_address>0x1e31</run_address>
         <size>0xa5</size>
         <input_file_ref idref="fl-139"/>
      </object_component>
      <object_component id="oc-145">
         <name>.debug_line</name>
         <load_address>0x1ed6</load_address>
         <run_address>0x1ed6</run_address>
         <size>0x91</size>
         <input_file_ref idref="fl-139"/>
      </object_component>
      <object_component id="oc-139">
         <name>.debug_line</name>
         <load_address>0x1f67</load_address>
         <run_address>0x1f67</run_address>
         <size>0x91</size>
         <input_file_ref idref="fl-139"/>
      </object_component>
      <object_component id="oc-13f">
         <name>.debug_line</name>
         <load_address>0x1ff8</load_address>
         <run_address>0x1ff8</run_address>
         <size>0x91</size>
         <input_file_ref idref="fl-139"/>
      </object_component>
      <object_component id="oc-1ea">
         <name>.debug_line</name>
         <load_address>0x2089</load_address>
         <run_address>0x2089</run_address>
         <size>0x7c</size>
         <input_file_ref idref="fl-13a"/>
      </object_component>
      <object_component id="oc-1ec">
         <name>.debug_line</name>
         <load_address>0x2105</load_address>
         <run_address>0x2105</run_address>
         <size>0x82</size>
         <input_file_ref idref="fl-13a"/>
      </object_component>
      <object_component id="oc-1e8">
         <name>.debug_line</name>
         <load_address>0x2187</load_address>
         <run_address>0x2187</run_address>
         <size>0x82</size>
         <input_file_ref idref="fl-13a"/>
      </object_component>
      <object_component id="oc-193">
         <name>.debug_line</name>
         <load_address>0x2209</load_address>
         <run_address>0x2209</run_address>
         <size>0xaf</size>
         <input_file_ref idref="fl-13a"/>
      </object_component>
      <object_component id="oc-199">
         <name>.debug_line</name>
         <load_address>0x22b8</load_address>
         <run_address>0x22b8</run_address>
         <size>0xc2</size>
         <input_file_ref idref="fl-13a"/>
      </object_component>
      <object_component id="oc-1c2">
         <name>.debug_line</name>
         <load_address>0x237a</load_address>
         <run_address>0x237a</run_address>
         <size>0x82</size>
         <input_file_ref idref="fl-13b"/>
      </object_component>
      <object_component id="oc-10f">
         <name>.debug_line</name>
         <load_address>0x23fc</load_address>
         <run_address>0x23fc</run_address>
         <size>0x91</size>
         <input_file_ref idref="fl-13b"/>
      </object_component>
      <object_component id="oc-c7">
         <name>.debug_line</name>
         <load_address>0x248d</load_address>
         <run_address>0x248d</run_address>
         <size>0x94</size>
         <input_file_ref idref="fl-13b"/>
      </object_component>
      <object_component id="oc-109">
         <name>.debug_line</name>
         <load_address>0x2521</load_address>
         <run_address>0x2521</run_address>
         <size>0xa3</size>
         <input_file_ref idref="fl-13b"/>
      </object_component>
      <object_component id="oc-1c4">
         <name>.debug_line</name>
         <load_address>0x25c4</load_address>
         <run_address>0x25c4</run_address>
         <size>0x13d</size>
         <input_file_ref idref="fl-13c"/>
      </object_component>
      <object_component id="oc-1e0">
         <name>.debug_line</name>
         <load_address>0x2701</load_address>
         <run_address>0x2701</run_address>
         <size>0x7f</size>
         <input_file_ref idref="fl-13c"/>
      </object_component>
      <object_component id="oc-d3">
         <name>.debug_line</name>
         <load_address>0x2780</load_address>
         <run_address>0x2780</run_address>
         <size>0x94</size>
         <input_file_ref idref="fl-13c"/>
      </object_component>
      <object_component id="oc-ca">
         <name>.debug_line</name>
         <load_address>0x2814</load_address>
         <run_address>0x2814</run_address>
         <size>0xee</size>
         <input_file_ref idref="fl-13c"/>
      </object_component>
      <object_component id="oc-100">
         <name>.debug_line</name>
         <load_address>0x2902</load_address>
         <run_address>0x2902</run_address>
         <size>0x11a</size>
         <input_file_ref idref="fl-13c"/>
      </object_component>
      <object_component id="oc-1c8">
         <name>.debug_line</name>
         <load_address>0x2a1c</load_address>
         <run_address>0x2a1c</run_address>
         <size>0x7f</size>
         <input_file_ref idref="fl-13c"/>
      </object_component>
      <object_component id="oc-a2">
         <name>.debug_frame</name>
         <load_address>0x0</load_address>
         <run_address>0x0</run_address>
         <size>0x258</size>
         <input_file_ref idref="fl-2"/>
      </object_component>
      <object_component id="oc-2f">
         <name>.debug_frame</name>
         <load_address>0x258</load_address>
         <run_address>0x258</run_address>
         <size>0xb2</size>
         <input_file_ref idref="fl-4"/>
      </object_component>
      <object_component id="oc-17">
         <name>.debug_frame</name>
         <load_address>0x30a</load_address>
         <run_address>0x30a</run_address>
         <size>0x7f</size>
         <input_file_ref idref="fl-12c"/>
      </object_component>
      <object_component id="oc-44">
         <name>.debug_frame</name>
         <load_address>0x389</load_address>
         <run_address>0x389</run_address>
         <size>0x8e</size>
         <input_file_ref idref="fl-12d"/>
      </object_component>
      <object_component id="oc-1d">
         <name>.debug_frame</name>
         <load_address>0x417</load_address>
         <run_address>0x417</run_address>
         <size>0x7f</size>
         <input_file_ref idref="fl-12d"/>
      </object_component>
      <object_component id="oc-23">
         <name>.debug_frame</name>
         <load_address>0x496</load_address>
         <run_address>0x496</run_address>
         <size>0x7f</size>
         <input_file_ref idref="fl-12e"/>
      </object_component>
      <object_component id="oc-6c">
         <name>.debug_frame</name>
         <load_address>0x515</load_address>
         <run_address>0x515</run_address>
         <size>0xb3</size>
         <input_file_ref idref="fl-12f"/>
      </object_component>
      <object_component id="oc-5d">
         <name>.debug_frame</name>
         <load_address>0x5c8</load_address>
         <run_address>0x5c8</run_address>
         <size>0x7f</size>
         <input_file_ref idref="fl-132"/>
      </object_component>
      <object_component id="oc-16a">
         <name>.debug_frame</name>
         <load_address>0x647</load_address>
         <run_address>0x647</run_address>
         <size>0xa1</size>
         <input_file_ref idref="fl-134"/>
      </object_component>
      <object_component id="oc-69">
         <name>.debug_frame</name>
         <load_address>0x6e8</load_address>
         <run_address>0x6e8</run_address>
         <size>0x7f</size>
         <input_file_ref idref="fl-135"/>
      </object_component>
      <object_component id="oc-63">
         <name>.debug_frame</name>
         <load_address>0x767</load_address>
         <run_address>0x767</run_address>
         <size>0x8a</size>
         <input_file_ref idref="fl-136"/>
      </object_component>
      <object_component id="oc-9a">
         <name>.debug_frame</name>
         <load_address>0x7f1</load_address>
         <run_address>0x7f1</run_address>
         <size>0x8e</size>
         <input_file_ref idref="fl-137"/>
      </object_component>
      <object_component id="oc-184">
         <name>.debug_frame</name>
         <load_address>0x87f</load_address>
         <run_address>0x87f</run_address>
         <size>0x7f</size>
         <input_file_ref idref="fl-138"/>
      </object_component>
      <object_component id="oc-e0">
         <name>.debug_frame</name>
         <load_address>0x8fe</load_address>
         <run_address>0x8fe</run_address>
         <size>0x8f</size>
         <input_file_ref idref="fl-138"/>
      </object_component>
      <object_component id="oc-fe">
         <name>.debug_frame</name>
         <load_address>0x98d</load_address>
         <run_address>0x98d</run_address>
         <size>0x86</size>
         <input_file_ref idref="fl-138"/>
      </object_component>
      <object_component id="oc-116">
         <name>.debug_frame</name>
         <load_address>0xa13</load_address>
         <run_address>0xa13</run_address>
         <size>0x86</size>
         <input_file_ref idref="fl-138"/>
      </object_component>
      <object_component id="oc-11c">
         <name>.debug_frame</name>
         <load_address>0xa99</load_address>
         <run_address>0xa99</run_address>
         <size>0x86</size>
         <input_file_ref idref="fl-138"/>
      </object_component>
      <object_component id="oc-da">
         <name>.debug_frame</name>
         <load_address>0xb1f</load_address>
         <run_address>0xb1f</run_address>
         <size>0x86</size>
         <input_file_ref idref="fl-138"/>
      </object_component>
      <object_component id="oc-f8">
         <name>.debug_frame</name>
         <load_address>0xba5</load_address>
         <run_address>0xba5</run_address>
         <size>0x86</size>
         <input_file_ref idref="fl-138"/>
      </object_component>
      <object_component id="oc-18e">
         <name>.debug_frame</name>
         <load_address>0xc2b</load_address>
         <run_address>0xc2b</run_address>
         <size>0x7f</size>
         <input_file_ref idref="fl-138"/>
      </object_component>
      <object_component id="oc-e6">
         <name>.debug_frame</name>
         <load_address>0xcaa</load_address>
         <run_address>0xcaa</run_address>
         <size>0x7f</size>
         <input_file_ref idref="fl-138"/>
      </object_component>
      <object_component id="oc-ec">
         <name>.debug_frame</name>
         <load_address>0xd29</load_address>
         <run_address>0xd29</run_address>
         <size>0x8a</size>
         <input_file_ref idref="fl-138"/>
      </object_component>
      <object_component id="oc-f2">
         <name>.debug_frame</name>
         <load_address>0xdb3</load_address>
         <run_address>0xdb3</run_address>
         <size>0x7f</size>
         <input_file_ref idref="fl-138"/>
      </object_component>
      <object_component id="oc-12e">
         <name>.debug_frame</name>
         <load_address>0xe32</load_address>
         <run_address>0xe32</run_address>
         <size>0x7f</size>
         <input_file_ref idref="fl-138"/>
      </object_component>
      <object_component id="oc-134">
         <name>.debug_frame</name>
         <load_address>0xeb1</load_address>
         <run_address>0xeb1</run_address>
         <size>0x7f</size>
         <input_file_ref idref="fl-139"/>
      </object_component>
      <object_component id="oc-122">
         <name>.debug_frame</name>
         <load_address>0xf30</load_address>
         <run_address>0xf30</run_address>
         <size>0x7f</size>
         <input_file_ref idref="fl-139"/>
      </object_component>
      <object_component id="oc-128">
         <name>.debug_frame</name>
         <load_address>0xfaf</load_address>
         <run_address>0xfaf</run_address>
         <size>0x8a</size>
         <input_file_ref idref="fl-139"/>
      </object_component>
      <object_component id="oc-146">
         <name>.debug_frame</name>
         <load_address>0x1039</load_address>
         <run_address>0x1039</run_address>
         <size>0x7f</size>
         <input_file_ref idref="fl-139"/>
      </object_component>
      <object_component id="oc-13a">
         <name>.debug_frame</name>
         <load_address>0x10b8</load_address>
         <run_address>0x10b8</run_address>
         <size>0x7f</size>
         <input_file_ref idref="fl-139"/>
      </object_component>
      <object_component id="oc-140">
         <name>.debug_frame</name>
         <load_address>0x1137</load_address>
         <run_address>0x1137</run_address>
         <size>0x7f</size>
         <input_file_ref idref="fl-139"/>
      </object_component>
      <object_component id="oc-194">
         <name>.debug_frame</name>
         <load_address>0x11b6</load_address>
         <run_address>0x11b6</run_address>
         <size>0x8e</size>
         <input_file_ref idref="fl-13a"/>
      </object_component>
      <object_component id="oc-19a">
         <name>.debug_frame</name>
         <load_address>0x1244</load_address>
         <run_address>0x1244</run_address>
         <size>0x7f</size>
         <input_file_ref idref="fl-13a"/>
      </object_component>
      <object_component id="oc-110">
         <name>.debug_frame</name>
         <load_address>0x12c3</load_address>
         <run_address>0x12c3</run_address>
         <size>0x7f</size>
         <input_file_ref idref="fl-13b"/>
      </object_component>
      <object_component id="oc-c8">
         <name>.debug_frame</name>
         <load_address>0x1342</load_address>
         <run_address>0x1342</run_address>
         <size>0x7f</size>
         <input_file_ref idref="fl-13b"/>
      </object_component>
      <object_component id="oc-10a">
         <name>.debug_frame</name>
         <load_address>0x13c1</load_address>
         <run_address>0x13c1</run_address>
         <size>0x86</size>
         <input_file_ref idref="fl-13b"/>
      </object_component>
      <object_component id="oc-d4">
         <name>.debug_frame</name>
         <load_address>0x1447</load_address>
         <run_address>0x1447</run_address>
         <size>0x7f</size>
         <input_file_ref idref="fl-13c"/>
      </object_component>
      <object_component id="oc-ce">
         <name>.debug_frame</name>
         <load_address>0x14c6</load_address>
         <run_address>0x14c6</run_address>
         <size>0x93</size>
         <input_file_ref idref="fl-13c"/>
      </object_component>
      <object_component id="oc-104">
         <name>.debug_frame</name>
         <load_address>0x1559</load_address>
         <run_address>0x1559</run_address>
         <size>0x8e</size>
         <input_file_ref idref="fl-13c"/>
      </object_component>
      <object_component id="oc-1bc">
         <name>.debug_abbrev</name>
         <load_address>0x0</load_address>
         <run_address>0x0</run_address>
         <size>0xc7</size>
         <input_file_ref idref="fl-2"/>
      </object_component>
      <object_component id="oc-1b2">
         <name>.debug_abbrev</name>
         <load_address>0xc7</load_address>
         <run_address>0xc7</run_address>
         <size>0x3d</size>
         <input_file_ref idref="fl-2"/>
      </object_component>
      <object_component id="oc-1b4">
         <name>.debug_abbrev</name>
         <load_address>0x104</load_address>
         <run_address>0x104</run_address>
         <size>0x27</size>
         <input_file_ref idref="fl-2"/>
      </object_component>
      <object_component id="oc-1b6">
         <name>.debug_abbrev</name>
         <load_address>0x12b</load_address>
         <run_address>0x12b</run_address>
         <size>0x27</size>
         <input_file_ref idref="fl-2"/>
      </object_component>
      <object_component id="oc-1ba">
         <name>.debug_abbrev</name>
         <load_address>0x152</load_address>
         <run_address>0x152</run_address>
         <size>0x27</size>
         <input_file_ref idref="fl-2"/>
      </object_component>
      <object_component id="oc-1b8">
         <name>.debug_abbrev</name>
         <load_address>0x179</load_address>
         <run_address>0x179</run_address>
         <size>0x27</size>
         <input_file_ref idref="fl-2"/>
      </object_component>
      <object_component id="oc-157">
         <name>.debug_abbrev</name>
         <load_address>0x1a0</load_address>
         <run_address>0x1a0</run_address>
         <size>0xb4</size>
         <input_file_ref idref="fl-2"/>
      </object_component>
      <object_component id="oc-b2">
         <name>.debug_abbrev</name>
         <load_address>0x254</load_address>
         <run_address>0x254</run_address>
         <size>0x1f</size>
         <input_file_ref idref="fl-2"/>
      </object_component>
      <object_component id="oc-7e">
         <name>.debug_abbrev</name>
         <load_address>0x273</load_address>
         <run_address>0x273</run_address>
         <size>0x35</size>
         <input_file_ref idref="fl-2"/>
      </object_component>
      <object_component id="oc-15a">
         <name>.debug_abbrev</name>
         <load_address>0x2a8</load_address>
         <run_address>0x2a8</run_address>
         <size>0x65</size>
         <input_file_ref idref="fl-2"/>
      </object_component>
      <object_component id="oc-79">
         <name>.debug_abbrev</name>
         <load_address>0x30d</load_address>
         <run_address>0x30d</run_address>
         <size>0x1f</size>
         <input_file_ref idref="fl-3"/>
      </object_component>
      <object_component id="oc-75">
         <name>.debug_abbrev</name>
         <load_address>0x32c</load_address>
         <run_address>0x32c</run_address>
         <size>0x5d</size>
         <input_file_ref idref="fl-4"/>
      </object_component>
      <object_component id="oc-30">
         <name>.debug_abbrev</name>
         <load_address>0x389</load_address>
         <run_address>0x389</run_address>
         <size>0x29</size>
         <input_file_ref idref="fl-4"/>
      </object_component>
      <object_component id="oc-74">
[...]
         </contents>
      </logical_group>
      <load_segment id="lg-21c" display="no" color="cyan">
         <name>SEGMENT_0</name>
         <load_address>0x0</load_address>
         <run_address>0x0</run_address>
         <size>0x1620</size>
         <flags>0x5</flags>
         <contents>
            <logical_group_ref idref="lg-3"/>
            <logical_group_ref idref="lg-4"/>
            <logical_group_ref idref="lg-5"/>
            <logical_group_ref idref="lg-6"/>
         </contents>
      </load_segment>
      <load_segment id="lg-21d" display="no" color="cyan">
         <name>SEGMENT_1</name>
         <run_address>0x20000000</run_address>
         <size>0x1084</size>
         <flags>0x6</flags>
         <contents>
            <logical_group_ref idref="lg-9"/>
            <logical_group_ref idref="lg-b"/>
            <logical_group_ref idref="lg-d"/>
            <logical_group_ref idref="lg-a"/>
         </contents>
      </load_segment>
   </logical_group_list>
   <placement_map>
      <memory_area display="yes" color="green">
         <name>FLASH</name>
         <page_id>0x0</page_id>
         <origin>0x0</origin>
         <length>0x40000</length>
         <used_space>0x161e</used_space>
         <unused_space>0x3e9e2</unused_space>
         <attributes>RX</attributes>
         <usage_details>
            <allocated_space>
               <start_address>0x0</start_address>
               <size>0x26c</size>
               <logical_group_ref idref="lg-3"/>
            </allocated_space>
            <allocated_space>
               <start_address>0x26c</start_address>
               <size>0x104e</size>
               <logical_group_ref idref="lg-4"/>
            </allocated_space>
            <available_space>
               <start_address>0x12ba</start_address>
               <size>0x2</size>
            </available_space>
            <allocated_space>
               <start_address>0x12bc</start_address>
               <size>0x2fc</size>
               <logical_group_ref idref="lg-5"/>
            </allocated_space>
            <allocated_space>
               <start_address>0x15b8</start_address>
               <size>0x68</size>
               <logical_group_ref idref="lg-6"/>
            </allocated_space>
            <available_space>
               <start_address>0x1620</start_address>
               <size>0x3e9e0</size>
            </available_space>
         </usage_details>
      </memory_area>
      <memory_area display="yes" color="green">
         <name>SRAM</name>
         <page_id>0x0</page_id>
         <origin>0x20000000</origin>
         <length>0x8000</length>
         <used_space>0x1084</used_space>
         <unused_space>0x6f7c</unused_space>
         <attributes>RWX</attributes>
         <usage_details>
            <allocated_space>
               <start_address>0x20000000</start_address>
               <size>0x26c</size>
               <logical_group_ref idref="lg-9"/>
            </allocated_space>
            <allocated_space>
               <start_address>0x2000026c</start_address>
               <size>0xb40</size>
               <logical_group_ref idref="lg-1ed"/>
            </allocated_space>
            <allocated_space>
               <start_address>0x20000dac</start_address>
               <size>0x200</size>
               <logical_group_ref idref="lg-d"/>
            </allocated_space>
            <allocated_space>
               <start_address>0x20000fac</start_address>
               <size>0xd8</size>
               <logical_group_ref idref="lg-1ef"/>
            </allocated_space>
            <available_space>
               <start_address>0x20001084</start_address>
               <size>0x6f7c</size>
            </available_space>
         </usage_details>
      </memory_area>
   </placement_map>
   <cptbl_list>
      <cptbl>
         <name>__TI_cinit_table</name>
         <cprec>
            <name>.data</name>
            <load_address>0x15b8</load_address>
            <load_size>0x33</load_size>
            <run_address>0x20000fac</run_address>
            <run_size>0xd8</run_size>
            <compression>rle</compression>
         </cprec>
         <cprec>
            <name>.bss</name>
            <load_address>0x15f8</load_address>
            <load_size>0x8</load_size>
            <run_address>0x2000026c</run_address>
            <run_size>0xb40</run_size>
            <compression>zero_init</compression>
         </cprec>
         <cprec>
            <name>.vtable</name>
            <load_address>0x1600</load_address>
            <load_size>0x8</load_size>
            <run_address>0x20000000</run_address>
            <run_size>0x26c</run_size>
            <compression>zero_init</compression>
         </cprec>
      </cptbl>
   </cptbl_list>
   <handler_table>
      <handler_table_name>__TI_handler_table</handler_table_name>
      <handler>
         <index>0x0</index>
         <name>__TI_zero_init</name>
      </handler>
      <handler>
         <index>0x1</index>
         <name>__TI_decompress_rle24</name>
      </handler>
      <handler>
         <index>0x2</index>
         <name>__TI_decompress_none</name>
      </handler>
   </handler_table>
   <symbol_table>
      <symbol id="sm-1">
         <name>__STACK_TOP</name>
         <value>0x20000fac</value>
      </symbol>
      <symbol id="sm-2">
         <name>__TI_CINIT_Base</name>
         <value>0x1608</value>
      </symbol>
      <symbol id="sm-3">
         <name>__TI_CINIT_Limit</name>
         <value>0x1620</value>
      </symbol>
      <symbol id="sm-4">
         <name>__TI_Handler_Table_Base</name>
         <value>0x15ec</value>
      </symbol>
      <symbol id="sm-5">
         <name>__TI_Handler_Table_Limit</name>
         <value>0x15f8</value>
      </symbol>
      <symbol id="sm-6">
         <name>binit</name>
         <value>0xffffffff</value>
      </symbol>
      <symbol id="sm-7">
         <name>__binit__</name>
         <value>0xffffffff</value>
      </symbol>
      <symbol id="sm-8">
         <name>__STACK_SIZE</name>
         <value>0x200</value>
      </symbol>
      <symbol id="sm-9">
         <name>__STACK_END</name>
         <value>0x20000fac</value>
      </symbol>
      <symbol id="sm-a">
         <name>__c_args__</name>
         <value>0xffffffff</value>
      </symbol>
      <symbol id="sm-bc">
         <name>allone</name>
         <value>0x535</value>
         <object_component_ref idref="oc-9d"/>
      </symbol>
      <symbol id="sm-bd">
         <name>pix_off</name>
         <value>0x20000fc4</value>
         <object_component_ref idref="oc-148"/>
      </symbol>
      <symbol id="sm-be">
         <name>rectangle_test</name>
         <value>0x845</value>
         <object_component_ref idref="oc-9d"/>
      </symbol>
      <symbol id="sm-bf">
         <name>interrupthandler</name>
         <value>0x67d</value>
         <object_component_ref idref="oc-9d"/>
      </symbol>
      <symbol id="sm-c0">
         <name>off</name>
         <value>0x511</value>
         <object_component_ref idref="oc-9d"/>
      </symbol>
      <symbol id="sm-c1">
         <name>fullred</name>
         <value>0x4a5</value>
         <object_component_ref idref="oc-9d"/>
      </symbol>
      <symbol id="sm-c2">
         <name>cond</name>
         <value>0x20000fe4</value>
         <object_component_ref idref="oc-148"/>
      </symbol>
      <symbol id="sm-c3">
         <name>config</name>
         <value>0x559</value>
         <object_component_ref idref="oc-9d"/>
      </symbol>
      <symbol id="sm-c4">
         <name>left_corner</name>
         <value>0x20000fe8</value>
         <object_component_ref idref="oc-148"/>
      </symbol>
      <symbol id="sm-c5">
         <name>fullblue</name>
         <value>0x45d</value>
         <object_component_ref idref="oc-9d"/>
      </symbol>
      <symbol id="sm-c6">
         <name>allzero</name>
         <value>0x4ed</value>
         <object_component_ref idref="oc-9d"/>
      </symbol>
      <symbol id="sm-c7">
         <name>write_pixel</name>
         <value>0x335</value>
         <object_component_ref idref="oc-9d"/>
      </symbol>
      <symbol id="sm-c8">
         <name>led_run</name>
         <value>0x70f</value>
         <object_component_ref idref="oc-9d"/>
      </symbol>
      <symbol id="sm-c9">
         <name>fullgreen</name>
         <value>0x481</value>
         <object_component_ref idref="oc-9d"/>
      </symbol>
      <symbol id="sm-ca">
         <name>right_corner</name>
         <value>0x20000ff0</value>
         <object_component_ref idref="oc-148"/>
      </symbol>
      <symbol id="sm-cb">
         <name>pix_red</name>
         <value>0x20000fd4</value>
         <object_component_ref idref="oc-148"/>
      </symbol>
      <symbol id="sm-cc">
         <name>rectangle</name>
         <value>0x2e1</value>
         <object_component_ref idref="oc-9d"/>
      </symbol>
      <symbol id="sm-cd">
         <name>main</name>
         <value>0x8cb</value>
         <object_component_ref idref="oc-9d"/>
      </symbol>
      <symbol id="sm-ce">
         <name>assign</name>
         <value>0x26d</value>
         <object_component_ref idref="oc-9d"/>
      </symbol>
      <symbol id="sm-cf">
         <name>write</name>
         <value>0x363</value>
         <object_component_ref idref="oc-9d"/>
      </symbol>
      <symbol id="sm-d0">
         <name>dimred</name>
         <value>0x4c9</value>
         <object_component_ref idref="oc-9d"/>
      </symbol>
      <symbol id="sm-f2">
         <name>ResetISR</name>
         <value>0x1263</value>
         <object_component_ref idref="oc-2a"/>
      </symbol>
      <symbol id="sm-f3">
         <name>g_pfnVectors</name>
         <value>0x0</value>
         <object_component_ref idref="oc-f"/>
      </symbol>
      <symbol id="sm-105">
         <name>_c_int00</name>
         <value>0xf2d</value>
         <object_component_ref idref="oc-24"/>
      </symbol>
      <symbol id="sm-106">
         <name>__stack</name>
         <value>0x20000dac</value>
         <object_component_ref idref="oc-29"/>
      </symbol>
      <symbol id="sm-11d">
         <name>__TI_decompress_none</name>
         <value>0x123d</value>
         <object_component_ref idref="oc-12"/>
      </symbol>
      <symbol id="sm-145">
         <name>__TI_decompress_rle24</name>
         <value>0x12a9</value>
         <object_component_ref idref="oc-18"/>
      </symbol>
      <symbol id="sm-157">
         <name>__TI_zero_init</name>
         <value>0x1257</value>
         <object_component_ref idref="oc-1e"/>
      </symbol>
      <symbol id="sm-176">
         <name>C$$EXIT</name>
         <value>0x105d</value>
         <object_component_ref idref="oc-6a"/>
      </symbol>
      <symbol id="sm-177">
         <name>abort</name>
         <value>0x1061</value>
         <object_component_ref idref="oc-6a"/>
      </symbol>
      <symbol id="sm-178">
         <name>exit</name>
         <value>0x1069</value>
         <object_component_ref idref="oc-6a"/>
      </symbol>
      <symbol id="sm-179">
         <name>__TI_dtors_ptr</name>
         <value>0x2000107c</value>
         <object_component_ref idref="oc-a8"/>
      </symbol>
      <symbol id="sm-17a">
         <name>__TI_cleanup_ptr</name>
         <value>0x20001078</value>
         <object_component_ref idref="oc-a8"/>
      </symbol>
      <symbol id="sm-195">
         <name>memcpy</name>
         <value>0xc7d</value>
         <object_component_ref idref="oc-33"/>
      </symbol>
      <symbol id="sm-196">
         <name>__aeabi_memcpy</name>
         <value>0xc7d</value>
         <object_component_ref idref="oc-33"/>
      </symbol>
      <symbol id="sm-197">
         <name>__aeabi_memcpy8</name>
         <value>0xc7d</value>
         <object_component_ref idref="oc-33"/>
      </symbol>
      <symbol id="sm-198">
         <name>__aeabi_memcpy4</name>
         <value>0xc7d</value>
         <object_component_ref idref="oc-33"/>
      </symbol>
      <symbol id="sm-1a7">
         <name>__aeabi_memset</name>
         <value>0xd1b</value>
         <object_component_ref idref="oc-4c"/>
      </symbol>
      <symbol id="sm-1a8">
         <name>memset</name>
         <value>0xd21</value>
         <object_component_ref idref="oc-4c"/>
      </symbol>
      <symbol id="sm-1a9">
         <name>__aeabi_memset8</name>
         <value>0xd1b</value>
         <object_component_ref idref="oc-4c"/>
      </symbol>
      <symbol id="sm-1aa">
         <name>__aeabi_memset4</name>
         <value>0xd1b</value>
         <object_component_ref idref="oc-4c"/>
      </symbol>
      <symbol id="sm-1ab">
         <name>__aeabi_memclr8</name>
         <value>0xd19</value>
         <object_component_ref idref="oc-4c"/>
      </symbol>
      <symbol id="sm-1ac">
         <name>__aeabi_memclr4</name>
         <value>0xd19</value>
         <object_component_ref idref="oc-4c"/>
      </symbol>
      <symbol id="sm-1ad">
         <name>__aeabi_memclr</name>
         <value>0xd19</value>
         <object_component_ref idref="oc-4c"/>
      </symbol>
      <symbol id="sm-1b7">
         <name>_system_pre_init</name>
         <value>0x12b7</value>
         <object_component_ref idref="oc-58"/>
      </symbol>
      <symbol id="sm-1bf">
         <name>main_func_sp</name>
         <value>0x20001080</value>
         <object_component_ref idref="oc-70"/>
      </symbol>
      <symbol id="sm-1d8">
         <name>_nop</name>
         <value>0x11ef</value>
         <object_component_ref idref="oc-165"/>
      </symbol>
      <symbol id="sm-1d9">
         <name>_lock</name>
         <value>0x20001070</value>
         <object_component_ref idref="oc-a5"/>
      </symbol>
      <symbol id="sm-1da">
         <name>_unlock</name>
         <value>0x20001074</value>
         <object_component_ref idref="oc-a5"/>
      </symbol>
      <symbol id="sm-1db">
         <name>_register_lock</name>
         <value>0x11e7</value>
         <object_component_ref idref="oc-165"/>
      </symbol>
      <symbol id="sm-1dc">
         <name>_register_unlock</name>
         <value>0x11e1</value>
         <object_component_ref idref="oc-165"/>
      </symbol>
      <symbol id="sm-1f1">
         <name>_args_main</name>
         <value>0x11c9</value>
         <object_component_ref idref="oc-64"/>
      </symbol>
      <symbol id="sm-217">
         <name>__TI_auto_init</name>
         <value>0xd95</value>
         <object_component_ref idref="oc-5e"/>
      </symbol>
      <symbol id="sm-231">
         <name>copy_in</name>
         <value>0xfc9</value>
         <object_component_ref idref="oc-95"/>
      </symbol>
      <symbol id="sm-2ba">
         <name>GPIOIntRegister</name>
         <value>0x11af</value>
         <object_component_ref idref="oc-e7"/>
      </symbol>
      <symbol id="sm-2bb">
         <name>GPIOPinConfigure</name>
         <value>0x1015</value>
         <object_component_ref idref="oc-f3"/>
      </symbol>
      <symbol id="sm-2bc">
         <name>GPIOPinTypeI2CSCL</name>
         <value>0x1219</value>
         <object_component_ref idref="oc-111"/>
      </symbol>
      <symbol id="sm-2bd">
         <name>GPIOIntEnable</name>
         <value>0x124b</value>
         <object_component_ref idref="oc-ed"/>
      </symbol>
      <symbol id="sm-2be">
         <name>GPIOPinTypeI2C</name>
         <value>0x1207</value>
         <object_component_ref idref="oc-117"/>
      </symbol>
      <symbol id="sm-2bf">
         <name>GPIOIntTypeSet</name>
         <value>0xed5</value>
         <object_component_ref idref="oc-e1"/>
      </symbol>
      <symbol id="sm-2c0">
         <name>GPIOPinTypeGPIOInput</name>
         <value>0x11f5</value>
         <object_component_ref idref="oc-d5"/>
      </symbol>
      <symbol id="sm-2c1">
         <name>GPIOIntClear</name>
         <value>0x129d</value>
         <object_component_ref idref="oc-129"/>
      </symbol>
      <symbol id="sm-2c2">
         <name>GPIODirModeSet</name>
         <value>0x1185</value>
         <object_component_ref idref="oc-17f"/>
      </symbol>
      <symbol id="sm-2c3">
         <name>GPIOPadConfigSet</name>
         <value>0x945</value>
         <object_component_ref idref="oc-db"/>
      </symbol>
      <symbol id="sm-2c4">
         <name>GPIOPinTypeSSI</name>
         <value>0x122b</value>
         <object_component_ref idref="oc-f9"/>
      </symbol>
      <symbol id="sm-2fd">
         <name>I2CMasterInitExpClk</name>
         <value>0xf7d</value>
         <object_component_ref idref="oc-123"/>
      </symbol>
      <symbol id="sm-2fe">
         <name>I2CMasterSlaveAddrSet</name>
         <value>0x1295</value>
         <object_component_ref idref="oc-12f"/>
      </symbol>
      <symbol id="sm-2ff">
         <name>I2CMasterDataGet</name>
         <value>0x12b3</value>
         <object_component_ref idref="oc-141"/>
      </symbol>
      <symbol id="sm-300">
         <name>I2CMasterControl</name>
         <value>0x12af</value>
         <object_component_ref idref="oc-135"/>
      </symbol>
      <symbol id="sm-301">
         <name>I2CMasterBusy</name>
         <value>0x128d</value>
         <object_component_ref idref="oc-13b"/>
      </symbol>
      <symbol id="sm-302">
         <name>I2CMasterEnable</name>
         <value>0x126f</value>
         <object_component_ref idref="oc-11d"/>
      </symbol>
      <symbol id="sm-33b">
         <name>IntEnable</name>
         <value>0xe6d</value>
         <object_component_ref idref="oc-195"/>
      </symbol>
      <symbol id="sm-33c">
         <name>IntRegister</name>
         <value>0x111d</value>
         <object_component_ref idref="oc-18f"/>
      </symbol>
      <symbol id="sm-33d">
         <name>g_pfnRAMVectors</name>
         <value>0x20000000</value>
         <object_component_ref idref="oc-1d4"/>
      </symbol>
      <symbol id="sm-35c">
         <name>SSIDataPut</name>
         <value>0x1279</value>
         <object_component_ref idref="oc-c3"/>
      </symbol>
      <symbol id="sm-35d">
         <name>SSIConfigSetExpClk</name>
         <value>0x10e1</value>
         <object_component_ref idref="oc-105"/>
      </symbol>
      <symbol id="sm-35e">
         <name>SSIEnable</name>
         <value>0x1283</value>
         <object_component_ref idref="oc-10b"/>
      </symbol>
      <symbol id="sm-3b0">
         <name>SysCtlClockSet</name>
         <value>0xb89</value>
         <object_component_ref idref="oc-c9"/>
      </symbol>
      <symbol id="sm-3b1">
         <name>SysCtlDelay</name>
         <value>0x12a3</value>
         <object_component_ref idref="oc-147"/>
      </symbol>
      <symbol id="sm-3b2">
         <name>SysCtlPeripheralEnable</name>
         <value>0x1151</value>
         <object_component_ref idref="oc-cf"/>
      </symbol>
      <symbol id="sm-3b3">
         <name>SysCtlClockGet</name>
         <value>0xa79</value>
         <object_component_ref idref="oc-ff"/>
      </symbol>
      <symbol id="sm-3b5">
         <name>__TI_static_base__</name>
         <value>0x0</value>
      </symbol>
      <symbol id="sm-3b8">
         <name>SHT$$INIT_ARRAY$$Limit</name>
         <value>0x0</value>
      </symbol>
      <symbol id="sm-3b9">
         <name>SHT$$INIT_ARRAY$$Base</name>
         <value>0x0</value>
      </symbol>
   </symbol_table>
   <title>Link successful</title>
</link_info>
