******************************************************************************
                  TI ARM Linker PC v5.2.5                      
******************************************************************************
>> Linked Fri Apr 15 08:17:28 2016

OUTPUT FILE NAME:   <picnicday.out>
ENTRY POINT SYMBOL: "_c_int00"  address: 00000f2d


MEMORY CONFIGURATION

         name            origin    length      used     unused   attr    fill
----------------------  --------  ---------  --------  --------  ----  --------
  FLASH                 00000000   00040000  0000161e  0003e9e2  R  X
  SRAM                  20000000   00008000  00001084  00006f7c  RW X


SEGMENT ALLOCATION MAP

run origin  load origin   length   init length attrs members
----------  ----------- ---------- ----------- ----- -------
00000000    00000000    00001620   00001620    r-x
  00000000    00000000    0000026c   0000026c    r-- .intvecs
  0000026c    0000026c    0000104e   0000104e    r-x .text
  000012bc    000012bc    000002fc   000002fc    r-- .const
  000015b8    000015b8    00000068   00000068    r-- .cinit
20000000    20000000    00001084   00000000    rw-
  20000000    20000000    0000026c   00000000    rw- .vtable
  2000026c    2000026c    00000b40   00000000    rw- .bss
  20000dac    20000dac    00000200   00000000    rw- .stack
  20000fac    20000fac    000000d8   00000000    rw- .data


SECTION ALLOCATION MAP

 output                                  attributes/
section   page    origin      length       input sections
--------  ----  ----------  ----------   ----------------
.intvecs   0    00000000    0000026c     
                  00000000    0000026c     tm4c123gh6pm_startup_ccs.obj (.intvecs)

.text      0    0000026c    0000104e     
                  0000026c    000006d8     main.obj (.text)
                  00000944    00000132     driverlib.lib : gpio.obj (.text:GPIOPadConfigSet)
                  00000a76    00000002     --HOLE-- [fill = 0]
                  00000a78    00000110                   : sysctl.obj (.text:SysCtlClockGet)
                  00000b88    000000f4                   : sysctl.obj (.text:SysCtlClockSet)
                  00000c7c    0000009c     rtsv7M4_T_le_v4SPD16_eabi.lib : memcpy_t2.obj (.text)
                  00000d18    0000007a                                   : memset_t2.obj (.text)
                  00000d92    00000002     --HOLE-- [fill = 0]
                  00000d94    0000006c                                   : autoinit.obj (.text)
                  00000e00    0000006a                                   : copy_decompress_rle.obj (.text)
                  00000e6a    00000002     --HOLE-- [fill = 0]
                  00000e6c    00000068     driverlib.lib : interrupt.obj (.text:IntEnable)
                  00000ed4    00000056                   : gpio.obj (.text:GPIOIntTypeSet)
                  00000f2a    00000002     --HOLE-- [fill = 0]
                  00000f2c    00000050     rtsv7M4_T_le_v4SPD16_eabi.lib : boot.obj (.text)
                  00000f7c    0000004c     driverlib.lib : i2c.obj (.text:I2CMasterInitExpClk)
                  00000fc8    0000004c     rtsv7M4_T_le_v4SPD16_eabi.lib : cpy_tbl.obj (.text)
                  00001014    00000048     driverlib.lib : gpio.obj (.text:GPIOPinConfigure)
                  0000105c    00000044     rtsv7M4_T_le_v4SPD16_eabi.lib : exit.obj (.text)
                  000010a0    00000040     driverlib.lib : gpio.obj (.text:_GPIOIntNumberGet)
                  000010e0    0000003c                   : ssi.obj (.text:SSIConfigSetExpClk)
                  0000111c    00000034                   : interrupt.obj (.text:IntRegister)
                  00001150    00000034                   : sysctl.obj (.text:SysCtlPeripheralEnable)
                  00001184    0000002a                   : gpio.obj (.text:GPIODirModeSet)
                  000011ae    00000018                   : gpio.obj (.text:GPIOIntRegister)
                  000011c6    00000002     --HOLE-- [fill = 0]
                  000011c8    00000018     rtsv7M4_T_le_v4SPD16_eabi.lib : args_main.obj (.text)
                  000011e0    00000014                                   : _lock.obj (.text)
                  000011f4    00000012     driverlib.lib : gpio.obj (.text:GPIOPinTypeGPIOInput)
                  00001206    00000012                   : gpio.obj (.text:GPIOPinTypeI2C)
                  00001218    00000012                   : gpio.obj (.text:GPIOPinTypeI2CSCL)
                  0000122a    00000012                   : gpio.obj (.text:GPIOPinTypeSSI)
                  0000123c    0000000e     rtsv7M4_T_le_v4SPD16_eabi.lib : copy_decompress_none.obj (.text:decompress:none)
                  0000124a    0000000c     driverlib.lib : gpio.obj (.text:GPIOIntEnable)
                  00001256    0000000c     rtsv7M4_T_le_v4SPD16_eabi.lib : copy_zero_init.obj (.text:decompress:ZI)
                  00001262    0000000c     tm4c123gh6pm_startup_ccs.obj (.text)
                  0000126e    0000000a     driverlib.lib : i2c.obj (.text:I2CMasterEnable)
                  00001278    0000000a                   : ssi.obj (.text:SSIDataPut)
                  00001282    0000000a                   : ssi.obj (.text:SSIEnable)
                  0000128c    00000008                   : i2c.obj (.text:I2CMasterBusy)
                  00001294    00000008                   : i2c.obj (.text:I2CMasterSlaveAddrSet)
                  0000129c    00000006                   : gpio.obj (.text:GPIOIntClear)
                  000012a2    00000006                   : sysctl.obj (.text:SysCtlDelay)
                  000012a8    00000006     rtsv7M4_T_le_v4SPD16_eabi.lib : copy_decompress_rle.obj (.text:decompress:rle24)
                  000012ae    00000004     driverlib.lib : i2c.obj (.text:I2CMasterControl)
                  000012b2    00000004                   : i2c.obj (.text:I2CMasterDataGet)
                  000012b6    00000004     rtsv7M4_T_le_v4SPD16_eabi.lib : pre_init.obj (.text)

.const     0    000012bc    000002fc     
                  000012bc    000000c0     driverlib.lib : gpio.obj (.const:g_ppui32GPIOIntMapBlizzard)
                  0000137c    000000c0                   : gpio.obj (.const:g_ppui32GPIOIntMapSnowflake)
                  0000143c    00000090                   : gpio.obj (.const:g_pui32GPIOBaseAddrs)
                  000014cc    00000070                   : interrupt.obj (.const)
                  0000153c    0000006c                   : sysctl.obj (.const:g_pui32Xtals)
                  000015a8    00000010     main.obj (.const)

.cinit     0    000015b8    00000068     
                  000015b8    00000033     (.cinit..data.load) [load image, compression = rle]
                  000015eb    00000001     --HOLE-- [fill = 0]
                  000015ec    0000000c     (__TI_handler_table)
                  000015f8    00000008     (.cinit..bss.load) [load image, compression = zero_init]
                  00001600    00000008     (.cinit..vtable.load) [load image, compression = zero_init]
                  00001608    00000018     (__TI_cinit_table)

.init_array 
*          0    00000000    00000000     UNINITIALIZED

.vtable    0    20000000    0000026c     UNINITIALIZED
                  20000000    0000026c     driverlib.lib : interrupt.obj (.vtable)

.bss       0    2000026c    00000b40     UNINITIALIZED
                  2000026c    00000b40     main.obj (.bss:temporary)

.TI.noinit 
*          0    2000026c    00000000     UNINITIALIZED

.stack     0    20000dac    00000200     UNINITIALIZED
                  20000dac    00000200     --HOLE--

.data      0    20000fac    000000d8     UNINITIALIZED
                  20000fac    0000004c     main.obj (.data)
                  20000ff8    0000003c     main.obj (.data:button1count)
                  20001034    0000003c     main.obj (.data:button2count)
                  20001070    00000008     rtsv7M4_T_le_v4SPD16_eabi.lib : _lock.obj (.data)
                  20001078    00000008                                   : exit.obj (.data)
                  20001080    00000004                                   : stkdepth_vars.obj (.data)

.TI.persistent 
*          0    20000fac    00000000     UNINITIALIZED


LINKER GENERATED COPY TABLES

__TI_cinit_table @ 00001608 records: 3, size/record: 8, table size: 24
	.data: load addr=000015b8, load size=00000033 bytes, run addr=20000fac, run size=000000d8 bytes, compression=rle
	.bss: load addr=000015f8, load size=00000008 bytes, run addr=2000026c, run size=00000b40 bytes, compression=zero_init
	.vtable: load addr=00001600, load size=00000008 bytes, run addr=20000000, run size=0000026c bytes, compression=zero_init


LINKER GENERATED HANDLER TABLE

__TI_handler_table @ 000015ec records: 3, size/record: 4, table size: 12
	index: 0, handler: __TI_zero_init
	index: 1, handler: __TI_decompress_rle24
	index: 2, handler: __TI_decompress_none


GLOBAL SYMBOLS: SORTED ALPHABETICALLY BY Name 

address   name                    
-------   ----                    
0000105d  C$$EXIT                 
00001185  GPIODirModeSet          
0000129d  GPIOIntClear            
0000124b  GPIOIntEnable           
000011af  GPIOIntRegister         
00000ed5  GPIOIntTypeSet          
00000945  GPIOPadConfigSet        
00001015  GPIOPinConfigure        
000011f5  GPIOPinTypeGPIOInput    
00001207  GPIOPinTypeI2C          
00001219  GPIOPinTypeI2CSCL       
0000122b  GPIOPinTypeSSI          
0000128d  I2CMasterBusy           
000012af  I2CMasterControl        
000012b3  I2CMasterDataGet        
0000126f  I2CMasterEnable         
00000f7d  I2CMasterInitExpClk     
00001295  I2CMasterSlaveAddrSet   
00000e6d  IntEnable               
0000111d  IntRegister             
00001263  ResetISR                
UNDEFED   SHT$$INIT_ARRAY$$Base   
UNDEFED   SHT$$INIT_ARRAY$$Limit  
000010e1  SSIConfigSetExpClk      
00001279  SSIDataPut              
00001283  SSIEnable               
00000a79  SysCtlClockGet          
00000b89  SysCtlClockSet          
000012a3  SysCtlDelay             
00001151  SysCtlPeripheralEnable  
20000fac  __STACK_END             
00000200  __STACK_SIZE            
20000fac  __STACK_TOP             
00001608  __TI_CINIT_Base         
00001620  __TI_CINIT_Limit        
000015ec  __TI_Handler_Table_Base 
000015f8  __TI_Handler_Table_Limit
00000d95  __TI_auto_init          
20001078  __TI_cleanup_ptr        
0000123d  __TI_decompress_none    
000012a9  __TI_decompress_rle24   
2000107c  __TI_dtors_ptr          
00000000  __TI_static_base__      
00001257  __TI_zero_init          
00000d19  __aeabi_memclr          
00000d19  __aeabi_memclr4         
00000d19  __aeabi_memclr8         
00000c7d  __aeabi_memcpy          
00000c7d  __aeabi_memcpy4         
00000c7d  __aeabi_memcpy8         
00000d1b  __aeabi_memset          
00000d1b  __aeabi_memset4         
00000d1b  __aeabi_memset8         
ffffffff  __binit__               
ffffffff  __c_args__              
20000dac  __stack                 
000011c9  _args_main              
00000f2d  _c_int00                
20001070  _lock                   
000011ef  _nop                    
000011e7  _register_lock          
000011e1  _register_unlock        
000012b7  _system_pre_init        
20001074  _unlock                 
00001061  abort                   
00000535  allone                  
000004ed  allzero                 
0000026d  assign                  
ffffffff  binit                   
20000fe4  cond                    
00000559  config                  
00000fc9  copy_in                 
000004c9  dimred                  
00001069  exit                    
0000045d  fullblue                
00000481  fullgreen               
000004a5  fullred                 
20000000  g_pfnRAMVectors         
00000000  g_pfnVectors            
0000067d  interrupthandler        
0000070f  led_run                 
20000fe8  left_corner             
000008cb  main                    
20001080  main_func_sp            
00000c7d  memcpy                  
00000d21  memset                  
00000511  off                     
20000fc4  pix_off                 
20000fd4  pix_red                 
000002e1  rectangle               
00000845  rectangle_test          
20000ff0  right_corner            
00000363  write                   
00000335  write_pixel             


GLOBAL SYMBOLS: SORTED BY Symbol Address 

address   name                    
-------   ----                    
00000000  __TI_static_base__      
00000000  g_pfnVectors            
00000200  __STACK_SIZE            
0000026d  assign                  
000002e1  rectangle               
00000335  write_pixel             
00000363  write                   
0000045d  fullblue                
00000481  fullgreen               
000004a5  fullred                 
000004c9  dimred                  
000004ed  allzero                 
00000511  off                     
00000535  allone                  
00000559  config                  
0000067d  interrupthandler        
0000070f  led_run                 
00000845  rectangle_test          
000008cb  main                    
00000945  GPIOPadConfigSet        
00000a79  SysCtlClockGet          
00000b89  SysCtlClockSet          
00000c7d  __aeabi_memcpy          
00000c7d  __aeabi_memcpy4         
00000c7d  __aeabi_memcpy8         
00000c7d  memcpy                  
00000d19  __aeabi_memclr          
00000d19  __aeabi_memclr4         
00000d19  __aeabi_memclr8         
00000d1b  __aeabi_memset          
00000d1b  __aeabi_memset4         
00000d1b  __aeabi_memset8         
00000d21  memset                  
00000d95  __TI_auto_init          
00000e6d  IntEnable               
00000ed5  GPIOIntTypeSet          
00000f2d  _c_int00                
00000f7d  I2CMasterInitExpClk     
00000fc9  copy_in                 
00001015  GPIOPinConfigure        
0000105d  C$$EXIT                 
00001061  abort                   
00001069  exit                    
000010e1  SSIConfigSetExpClk      
0000111d  IntRegister             
00001151  SysCtlPeripheralEnable  
00001185  GPIODirModeSet          
000011af  GPIOIntRegister         
000011c9  _args_main              
000011e1  _register_unlock        
000011e7  _register_lock          
000011ef  _nop                    
000011f5  GPIOPinTypeGPIOInput    
00001207  GPIOPinTypeI2C          
00001219  GPIOPinTypeI2CSCL       
0000122b  GPIOPinTypeSSI          
0000123d  __TI_decompress_none    
0000124b  GPIOIntEnable           
00001257  __TI_zero_init          
00001263  ResetISR                
0000126f  I2CMasterEnable         
00001279  SSIDataPut              
00001283  SSIEnable               
0000128d  I2CMasterBusy           
00001295  I2CMasterSlaveAddrSet   
0000129d  GPIOIntClear            
000012a3  SysCtlDelay             
000012a9  __TI_decompress_rle24   
000012af  I2CMasterControl        
000012b3  I2CMasterDataGet        
000012b7  _system_pre_init        
000015ec  __TI_Handler_Table_Base 
000015f8  __TI_Handler_Table_Limit
00001608  __TI_CINIT_Base         
00001620  __TI_CINIT_Limit        
20000000  g_pfnRAMVectors         
20000dac  __stack                 
20000fac  __STACK_END             
20000fac  __STACK_TOP             
20000fc4  pix_off                 
20000fd4  pix_red                 
20000fe4  cond                    
20000fe8  left_corner             
20000ff0  right_corner            
20001070  _lock                   
20001074  _unlock                 
20001078  __TI_cleanup_ptr        
2000107c  __TI_dtors_ptr          
20001080  main_func_sp            
ffffffff  __binit__               
ffffffff  __c_args__              
ffffffff  binit                   
UNDEFED   SHT$$INIT_ARRAY$$Base   
UNDEFED   SHT$$INIT_ARRAY$$Limit  

[94 symbols]
